Archive member included to satisfy reference by file (symbol)

C:/MaximSDK/Libraries/PeriphDrivers/bin/MAX32660/softfp/libPeriphDriver_softfp.a(mxc_delay.o)
                              c:/MaximSDK/Examples/MAX32660/ShiftREGOTHER/build/main.o (MXC_DelayHandler)
C:/MaximSDK/Libraries/PeriphDrivers/bin/MAX32660/softfp/libPeriphDriver_softfp.a(sys_me11.o)
                              c:/MaximSDK/Examples/MAX32660/ShiftREGOTHER/build/system_max32660.o (MXC_SYS_ClockDisable)
C:/MaximSDK/Libraries/PeriphDrivers/bin/MAX32660/softfp/libPeriphDriver_softfp.a(flc_me11.o)
                              C:/MaximSDK/Libraries/PeriphDrivers/bin/MAX32660/softfp/libPeriphDriver_softfp.a(sys_me11.o) (MXC_FLC_UnlockInfoBlock)
C:/MaximSDK/Libraries/PeriphDrivers/bin/MAX32660/softfp/libPeriphDriver_softfp.a(flc_reva.o)
                              C:/MaximSDK/Libraries/PeriphDrivers/bin/MAX32660/softfp/libPeriphDriver_softfp.a(flc_me11.o) (MXC_FLC_RevA_Busy)
C:/MaximSDK/Libraries/PeriphDrivers/bin/MAX32660/softfp/libPeriphDriver_softfp.a(gpio_me11.o)
                              c:/MaximSDK/Examples/MAX32660/ShiftREGOTHER/build/pb.o (MXC_GPIO_InGet)
C:/MaximSDK/Libraries/PeriphDrivers/bin/MAX32660/softfp/libPeriphDriver_softfp.a(gpio_reva.o)
                              C:/MaximSDK/Libraries/PeriphDrivers/bin/MAX32660/softfp/libPeriphDriver_softfp.a(gpio_me11.o) (MXC_GPIO_RevA_InGet)
C:/MaximSDK/Libraries/PeriphDrivers/bin/MAX32660/softfp/libPeriphDriver_softfp.a(spi_me11.o)
                              c:/MaximSDK/Examples/MAX32660/ShiftREGOTHER/build/main.o (MXC_SPI_Init)
C:/MaximSDK/Libraries/PeriphDrivers/bin/MAX32660/softfp/libPeriphDriver_softfp.a(spi_reva1.o)
                              C:/MaximSDK/Libraries/PeriphDrivers/bin/MAX32660/softfp/libPeriphDriver_softfp.a(spi_me11.o) (MXC_SPI_RevA1_Init)
C:/MaximSDK/Libraries/PeriphDrivers/bin/MAX32660/softfp/libPeriphDriver_softfp.a(uart_me11.o)
                              c:/MaximSDK/Examples/MAX32660/ShiftREGOTHER/build/board.o (MXC_UART_Shutdown)
C:/MaximSDK/Libraries/PeriphDrivers/bin/MAX32660/softfp/libPeriphDriver_softfp.a(uart_reva.o)
                              C:/MaximSDK/Libraries/PeriphDrivers/bin/MAX32660/softfp/libPeriphDriver_softfp.a(uart_me11.o) (MXC_UART_RevA_Init)
C:/MaximSDK/Libraries/PeriphDrivers/bin/MAX32660/softfp/libPeriphDriver_softfp.a(mxc_lock.o)
                              C:/MaximSDK/Libraries/PeriphDrivers/bin/MAX32660/softfp/libPeriphDriver_softfp.a(spi_reva1.o) (MXC_FreeLock)
C:/MaximSDK/Libraries/PeriphDrivers/bin/MAX32660/softfp/libPeriphDriver_softfp.a(pins_me11.o)
                              C:/MaximSDK/Libraries/PeriphDrivers/bin/MAX32660/softfp/libPeriphDriver_softfp.a(spi_me11.o) (gpio_cfg_spi0)
C:/MaximSDK/Libraries/PeriphDrivers/bin/MAX32660/softfp/libPeriphDriver_softfp.a(dma_me11.o)
                              C:/MaximSDK/Libraries/PeriphDrivers/bin/MAX32660/softfp/libPeriphDriver_softfp.a(spi_reva1.o) (MXC_DMA_Init)
C:/MaximSDK/Libraries/PeriphDrivers/bin/MAX32660/softfp/libPeriphDriver_softfp.a(dma_reva.o)
                              C:/MaximSDK/Libraries/PeriphDrivers/bin/MAX32660/softfp/libPeriphDriver_softfp.a(dma_me11.o) (MXC_DMA_RevA_Init)
C:/MaximSDK/Libraries/PeriphDrivers/bin/MAX32660/softfp/libPeriphDriver_softfp.a(flc_common.o)
                              C:/MaximSDK/Libraries/PeriphDrivers/bin/MAX32660/softfp/libPeriphDriver_softfp.a(flc_me11.o) (MXC_FLC_Com_VerifyData)
C:/MaximSDK/Libraries/PeriphDrivers/bin/MAX32660/softfp/libPeriphDriver_softfp.a(gpio_common.o)
                              C:/MaximSDK/Libraries/PeriphDrivers/bin/MAX32660/softfp/libPeriphDriver_softfp.a(gpio_me11.o) (MXC_GPIO_Common_Init)
C:/MaximSDK/Libraries/PeriphDrivers/bin/MAX32660/softfp/libPeriphDriver_softfp.a(uart_common.o)
                              C:/MaximSDK/Libraries/PeriphDrivers/bin/MAX32660/softfp/libPeriphDriver_softfp.a(uart_me11.o) (MXC_UART_Common_ReadCharacter)
c:/maximsdk/tools/gnutools/10.3/bin/../lib/gcc/arm-none-eabi/10.3.1/../../../../arm-none-eabi/lib/thumb/v7e-m+fp/softfp\libc.a(lib_a-errno.o)
                              c:/MaximSDK/Examples/MAX32660/ShiftREGOTHER/build/stdio.o (__errno)
c:/maximsdk/tools/gnutools/10.3/bin/../lib/gcc/arm-none-eabi/10.3.1/../../../../arm-none-eabi/lib/thumb/v7e-m+fp/softfp\libc.a(lib_a-exit.o)
                              c:/maximsdk/tools/gnutools/10.3/bin/../lib/gcc/arm-none-eabi/10.3.1/../../../../arm-none-eabi/lib/thumb/v7e-m+fp/softfp/crt0.o (exit)
c:/maximsdk/tools/gnutools/10.3/bin/../lib/gcc/arm-none-eabi/10.3.1/../../../../arm-none-eabi/lib/thumb/v7e-m+fp/softfp\libc.a(lib_a-impure.o)
                              c:/maximsdk/tools/gnutools/10.3/bin/../lib/gcc/arm-none-eabi/10.3.1/../../../../arm-none-eabi/lib/thumb/v7e-m+fp/softfp\libc.a(lib_a-exit.o) (_global_impure_ptr)
c:/maximsdk/tools/gnutools/10.3/bin/../lib/gcc/arm-none-eabi/10.3.1/../../../../arm-none-eabi/lib/thumb/v7e-m+fp/softfp\libc.a(lib_a-init.o)
[...]
Memory Configuration

Name             Origin             Length             Attributes
FLASH            0x00000000         0x00040000         xr
SRAM             0x20000000         0x00018000         xrw
*default*        0x00000000         0xffffffff

Linker script and memory map

LOAD c:/maximsdk/tools/gnutools/10.3/bin/../lib/gcc/arm-none-eabi/10.3.1/thumb/v7e-m+fp/softfp/crti.o
LOAD c:/maximsdk/tools/gnutools/10.3/bin/../lib/gcc/arm-none-eabi/10.3.1/thumb/v7e-m+fp/softfp/crtbegin.o
LOAD c:/maximsdk/tools/gnutools/10.3/bin/../lib/gcc/arm-none-eabi/10.3.1/../../../../arm-none-eabi/lib/thumb/v7e-m+fp/softfp/crt0.o
LOAD c:/MaximSDK/Examples/MAX32660/ShiftREGOTHER/build/main.o
LOAD c:/MaximSDK/Examples/MAX32660/ShiftREGOTHER/build/board.o
LOAD c:/MaximSDK/Examples/MAX32660/ShiftREGOTHER/build/stdio.o
LOAD c:/MaximSDK/Examples/MAX32660/ShiftREGOTHER/build/led.o
LOAD c:/MaximSDK/Examples/MAX32660/ShiftREGOTHER/build/pb.o
LOAD c:/MaximSDK/Examples/MAX32660/ShiftREGOTHER/build/startup_max32660.o
LOAD c:/MaximSDK/Examples/MAX32660/ShiftREGOTHER/build/heap.o
LOAD c:/MaximSDK/Examples/MAX32660/ShiftREGOTHER/build/system_max32660.o
START GROUP
LOAD C:/MaximSDK/Libraries/PeriphDrivers/bin/MAX32660/softfp/libPeriphDriver_softfp.a
LOAD c:/maximsdk/tools/gnutools/10.3/bin/../lib/gcc/arm-none-eabi/10.3.1/../../../../arm-none-eabi/lib/thumb/v7e-m+fp/softfp\libc.a
LOAD c:/maximsdk/tools/gnutools/10.3/bin/../lib/gcc/arm-none-eabi/10.3.1/../../../../arm-none-eabi/lib/thumb/v7e-m+fp/softfp\libm.a
LOAD c:/maximsdk/tools/gnutools/10.3/bin/../lib/gcc/arm-none-eabi/10.3.1/../../../../arm-none-eabi/lib/thumb/v7e-m+fp/softfp\libnosys.a
END GROUP
START GROUP
LOAD c:/maximsdk/tools/gnutools/10.3/bin/../lib/gcc/arm-none-eabi/10.3.1/thumb/v7e-m+fp/softfp\libgcc.a
LOAD c:/maximsdk/tools/gnutools/10.3/bin/../lib/gcc/arm-none-eabi/10.3.1/../../../../arm-none-eabi/lib/thumb/v7e-m+fp/softfp\libc.a
END GROUP
LOAD c:/maximsdk/tools/gnutools/10.3/bin/../lib/gcc/arm-none-eabi/10.3.1/thumb/v7e-m+fp/softfp/crtend.o
LOAD c:/maximsdk/tools/gnutools/10.3/bin/../lib/gcc/arm-none-eabi/10.3.1/thumb/v7e-m+fp/softfp/crtn.o

.text           0x00000000     0x957c
                0x00000000                _text = .
 *(.isr_vector)
 .isr_vector    0x00000000      0x11c c:/MaximSDK/Examples/MAX32660/ShiftREGOTHER/build/startup_max32660.o
                0x00000000                __isr_vector
 *(.text*)
 .text          0x0000011c       0x40 c:/maximsdk/tools/gnutools/10.3/bin/../lib/gcc/arm-none-eabi/10.3.1/thumb/v7e-m+fp/softfp/crtbegin.o
 .text.SPI_Callback
                0x0000015c        0xc c:/MaximSDK/Examples/MAX32660/ShiftREGOTHER/build/main.o
                0x0000015c                SPI_Callback
 .text.gpio_isr
                0x00000168       0x34 c:/MaximSDK/Examples/MAX32660/ShiftREGOTHER/build/main.o
                0x00000168                gpio_isr
 .text.SPI_ShiftReg_Init
                0x0000019c       0x58 c:/MaximSDK/Examples/MAX32660/ShiftREGOTHER/build/main.o
                0x0000019c                SPI_ShiftReg_Init
 .text.SPI_Write_ShiftReg
                0x000001f4       0x5c c:/MaximSDK/Examples/MAX32660/ShiftREGOTHER/build/main.o
                0x000001f4                SPI_Write_ShiftReg
 .text.main     0x00000250       0xec c:/MaximSDK/Examples/MAX32660/ShiftREGOTHER/build/main.o
                0x00000250                main
 .text.mxc_assert
                0x0000033c       0x10 c:/MaximSDK/Examples/MAX32660/ShiftREGOTHER/build/board.o
                0x0000033c                mxc_assert
 .text.GPIO0_IRQHandler
                0x0000034c        0xa c:/MaximSDK/Examples/MAX32660/ShiftREGOTHER/build/board.o
                0x0000034c                GPIO0_IRQHandler
 *fill*         0x00000356        0x2 
 .text.Console_Init
                0x00000358       0x18 c:/MaximSDK/Examples/MAX32660/ShiftREGOTHER/build/board.o
                0x00000358                Console_Init
 .text.Board_Init
                0x00000370       0x34 c:/MaximSDK/Examples/MAX32660/ShiftREGOTHER/build/board.o
                0x00000370                Board_Init
 .text.NMI_Handler
                0x000003a4        0x4 c:/MaximSDK/Examples/MAX32660/ShiftREGOTHER/build/board.o
                0x000003a4                NMI_Handler
 .text._close   0x000003a8        0x6 c:/MaximSDK/Examples/MAX32660/ShiftREGOTHER/build/stdio.o
                0x000003a8                _close
 .text._isatty  0x000003ae        0x6 c:/MaximSDK/Examples/MAX32660/ShiftREGOTHER/build/stdio.o
                0x000003ae                _isatty
 .text._lseek   0x000003b4        0x6 c:/MaximSDK/Examples/MAX32660/ShiftREGOTHER/build/stdio.o
                0x000003b4                _lseek
 .text._fstat   0x000003ba        0x6 c:/MaximSDK/Examples/MAX32660/ShiftREGOTHER/build/stdio.o
                0x000003ba                _fstat
 .text._read    0x000003c0       0x50 c:/MaximSDK/Examples/MAX32660/ShiftREGOTHER/build/stdio.o
                0x000003c0                _read
 .text._write   0x00000410       0x44 c:/MaximSDK/Examples/MAX32660/ShiftREGOTHER/build/stdio.o
                0x00000410                _write
 .text.LED_Off  0x00000454       0x44 c:/MaximSDK/Examples/MAX32660/ShiftREGOTHER/build/led.o
                0x00000454                LED_Off
 .text.LED_Init
                0x00000498       0x3c c:/MaximSDK/Examples/MAX32660/ShiftREGOTHER/build/led.o
                0x00000498                LED_Init
 .text.PB_Init  0x000004d4       0x38 c:/MaximSDK/Examples/MAX32660/ShiftREGOTHER/build/pb.o
                0x000004d4                PB_Init
 .text          0x0000050c       0xe4 c:/MaximSDK/Examples/MAX32660/ShiftREGOTHER/build/startup_max32660.o
                0x0000050c                Reset_Handler
                0x0000054a                HardFault_Handler
                0x0000054c                MemManage_Handler
                0x0000054e                BusFault_Handler
                0x00000550                UsageFault_Handler
                0x00000552                SVC_Handler
                0x00000554                DebugMon_Handler
                0x00000556                PendSV_Handler
                0x00000558                Default_Handler
                0x0000055a                PF_IRQHandler
                0x0000055c                WDT0_IRQHandler
                0x0000055e                RSV00_IRQHandler
                0x00000560                RTC_IRQHandler
                0x00000562                RSV1_IRQHandler
                0x00000564                TMR0_IRQHandler
                0x00000566                TMR1_IRQHandler
                0x00000568                TMR2_IRQHandler
                0x0000056a                RSV02_IRQHandler
                0x0000056c                RSV03_IRQHandler
                0x0000056e                RSV04_IRQHandler
                0x00000570                RSV05_IRQHandler
                0x00000572                RSV06_IRQHandler
                0x00000574                I2C0_IRQHandler
                0x00000576                UART0_IRQHandler
                0x00000578                UART1_IRQHandler
                0x0000057a                SPI0_IRQHandler
                0x0000057c                SPI1_IRQHandler
                0x0000057e                RSV07_IRQHandler
                0x00000580                RSV08_IRQHandler
                0x00000582                RSV09_IRQHandler
                0x00000584                RSV10_IRQHandler
                0x00000586                RSV11_IRQHandler
                0x00000588                FLC_IRQHandler
                0x0000058c                RSV12_IRQHandler
                0x0000058e                RSV13_IRQHandler
                0x00000590                RSV14_IRQHandler
                0x00000592                DMA0_IRQHandler
                0x00000594                DMA1_IRQHandler
                0x00000596                DMA2_IRQHandler
                0x00000598                DMA3_IRQHandler
                0x0000059a                RSV15_IRQHandler
                0x0000059c                RSV16_IRQHandler
                0x0000059e                RSV17_IRQHandler
                0x000005a0                RSV18_IRQHandler
                0x000005a2                I2C1_IRQHandler
                0x000005a4                RSV19_IRQHandler
                0x000005a6                RSV20_IRQHandler
                0x000005a8                RSV21_IRQHandler
                0x000005aa                RSV22_IRQHandler
                0x000005ac                RSV23_IRQHandler
                0x000005ae                RSV24_IRQHandler
                0x000005b0                RSV25_IRQHandler
                0x000005b2                RSV26_IRQHandler
                0x000005b4                RSV27_IRQHandler
                0x000005b6                RSV28_IRQHandler
                0x000005b8                RSV29_IRQHandler
                0x000005ba                RSV30_IRQHandler
                0x000005bc                RSV31_IRQHandler
                0x000005be                RSV32_IRQHandler
                0x000005c0                RSV33_IRQHandler
                0x000005c2                RSV34_IRQHandler
                0x000005c4                RSV35_IRQHandler
                0x000005c6                GPIOWAKE_IRQHandler
 .text._sbrk    0x000005f0       0x40 c:/MaximSDK/Examples/MAX32660/ShiftREGOTHER/build/heap.o
                0x000005f0                _sbrk
 .text._getpid  0x00000630        0x6 c:/MaximSDK/Examples/MAX32660/ShiftREGOTHER/build/system_max32660.o
                0x00000630                _getpid
 .text._kill    0x00000636        0x6 c:/MaximSDK/Examples/MAX32660/ShiftREGOTHER/build/system_max32660.o
                0x00000636                _kill
 .text.SystemCoreClockUpdate
                0x0000063c       0x64 c:/MaximSDK/Examples/MAX32660/ShiftREGOTHER/build/system_max32660.o
                0x0000063c                SystemCoreClockUpdate
 .text.PreInit  0x000006a0        0x4 c:/MaximSDK/Examples/MAX32660/ShiftREGOTHER/build/system_max32660.o
                0x000006a0                PreInit
 .text.SystemInit
                0x000006a4       0x7c c:/MaximSDK/Examples/MAX32660/ShiftREGOTHER/build/system_max32660.o
                0x000006a4                SystemInit
 .text.MXC_DelayInit
                0x00000720       0x84 C:/MaximSDK/Libraries/PeriphDrivers/bin/MAX32660/softfp/libPeriphDriver_softfp.a(mxc_delay.o)
 .text.MXC_DelayAsync
                0x000007a4       0x44 C:/MaximSDK/Libraries/PeriphDrivers/bin/MAX32660/softfp/libPeriphDriver_softfp.a(mxc_delay.o)
                0x000007a4                MXC_DelayAsync
 .text.MXC_DelayAbort
                0x000007e8       0x34 C:/MaximSDK/Libraries/PeriphDrivers/bin/MAX32660/softfp/libPeriphDriver_softfp.a(mxc_delay.o)
                0x000007e8                MXC_DelayAbort
 .text.MXC_DelayHandler
                0x0000081c       0x40 C:/MaximSDK/Libraries/PeriphDrivers/bin/MAX32660/softfp/libPeriphDriver_softfp.a(mxc_delay.o)
                0x0000081c                MXC_DelayHandler
 .text.SysTick_Handler
                0x0000085c        0x8 C:/MaximSDK/Libraries/PeriphDrivers/bin/MAX32660/softfp/libPeriphDriver_softfp.a(mxc_delay.o)
                0x0000085c                SysTick_Handler
 .text.MXC_DelayCheck
                0x00000864       0x64 C:/MaximSDK/Libraries/PeriphDrivers/bin/MAX32660/softfp/libPeriphDriver_softfp.a(mxc_delay.o)
                0x00000864                MXC_DelayCheck
 .text.MXC_Delay
                0x000008c8       0x58 C:/MaximSDK/Libraries/PeriphDrivers/bin/MAX32660/softfp/libPeriphDriver_softfp.a(mxc_delay.o)
                0x000008c8                MXC_Delay
 .text.MXC_SYS_ClockDisable
                0x00000920       0x2c C:/MaximSDK/Libraries/PeriphDrivers/bin/MAX32660/softfp/libPeriphDriver_softfp.a(sys_me11.o)
                0x00000920                MXC_SYS_ClockDisable
 .text.MXC_SYS_ClockEnable
                0x0000094c       0x30 C:/MaximSDK/Libraries/PeriphDrivers/bin/MAX32660/softfp/libPeriphDriver_softfp.a(sys_me11.o)
                0x0000094c                MXC_SYS_ClockEnable
 .text.MXC_SYS_Clock_Timeout
                0x0000097c       0x30 C:/MaximSDK/Libraries/PeriphDrivers/bin/MAX32660/softfp/libPeriphDriver_softfp.a(sys_me11.o)
                0x0000097c                MXC_SYS_Clock_Timeout
 .text.MXC_SYS_Clock_Select
                0x000009ac       0xd6 C:/MaximSDK/Libraries/PeriphDrivers/bin/MAX32660/softfp/libPeriphDriver_softfp.a(sys_me11.o)
                0x000009ac                MXC_SYS_Clock_Select
 .text.MXC_SYS_Reset_Periph
                0x00000a82       0x38 C:/MaximSDK/Libraries/PeriphDrivers/bin/MAX32660/softfp/libPeriphDriver_softfp.a(sys_me11.o)
                0x00000a82                MXC_SYS_Reset_Periph
 .text.MXC_GPIO_OutClr
                0x00000aba        0x8 C:/MaximSDK/Libraries/PeriphDrivers/bin/MAX32660/softfp/libPeriphDriver_softfp.a(gpio_me11.o)
                0x00000aba                MXC_GPIO_OutClr
 .text.MXC_GPIO_OutToggle
                0x00000ac2        0x8 C:/MaximSDK/Libraries/PeriphDrivers/bin/MAX32660/softfp/libPeriphDriver_softfp.a(gpio_me11.o)
                0x00000ac2                MXC_GPIO_OutToggle
 .text.MXC_GPIO_IntConfig
                0x00000aca        0x8 C:/MaximSDK/Libraries/PeriphDrivers/bin/MAX32660/softfp/libPeriphDriver_softfp.a(gpio_me11.o)
                0x00000aca                MXC_GPIO_IntConfig
 .text.MXC_GPIO_EnableInt
                0x00000ad2        0x8 C:/MaximSDK/Libraries/PeriphDrivers/bin/MAX32660/softfp/libPeriphDriver_softfp.a(gpio_me11.o)
                0x00000ad2                MXC_GPIO_EnableInt
 .text.MXC_GPIO_RegisterCallback
                0x00000ada        0x8 C:/MaximSDK/Libraries/PeriphDrivers/bin/MAX32660/softfp/libPeriphDriver_softfp.a(gpio_me11.o)
                0x00000ada                MXC_GPIO_RegisterCallback
 .text.MXC_GPIO_Handler
                0x00000ae2        0x8 C:/MaximSDK/Libraries/PeriphDrivers/bin/MAX32660/softfp/libPeriphDriver_softfp.a(gpio_me11.o)
                0x00000ae2                MXC_GPIO_Handler
 .text.MXC_GPIO_ClearFlags
                0x00000aea        0x8 C:/MaximSDK/Libraries/PeriphDrivers/bin/MAX32660/softfp/libPeriphDriver_softfp.a(gpio_me11.o)
                0x00000aea                MXC_GPIO_ClearFlags
 .text.MXC_GPIO_GetFlags
                0x00000af2        0x8 C:/MaximSDK/Libraries/PeriphDrivers/bin/MAX32660/softfp/libPeriphDriver_softfp.a(gpio_me11.o)
                0x00000af2                MXC_GPIO_GetFlags
 .text.MXC_GPIO_SetVSSEL
                0x00000afa        0x8 C:/MaximSDK/Libraries/PeriphDrivers/bin/MAX32660/softfp/libPeriphDriver_softfp.a(gpio_me11.o)
                0x00000afa                MXC_GPIO_SetVSSEL
 .text.MXC_GPIO_SetDriveStrength
                0x00000b02        0x8 C:/MaximSDK/Libraries/PeriphDrivers/bin/MAX32660/softfp/libPeriphDriver_softfp.a(gpio_me11.o)
                0x00000b02                MXC_GPIO_SetDriveStrength
 .text.MXC_GPIO_Config
                0x00000b0a       0xc0 C:/MaximSDK/Libraries/PeriphDrivers/bin/MAX32660/softfp/libPeriphDriver_softfp.a(gpio_me11.o)
                0x00000b0a                MXC_GPIO_Config
 .text.MXC_GPIO_RevA_OutClr
                0x00000bca        0x4 C:/MaximSDK/Libraries/PeriphDrivers/bin/MAX32660/softfp/libPeriphDriver_softfp.a(gpio_reva.o)
                0x00000bca                MXC_GPIO_RevA_OutClr
 .text.MXC_GPIO_RevA_OutToggle
                0x00000bce        0x8 C:/MaximSDK/Libraries/PeriphDrivers/bin/MAX32660/softfp/libPeriphDriver_softfp.a(gpio_reva.o)
                0x00000bce                MXC_GPIO_RevA_OutToggle
 .text.MXC_GPIO_RevA_IntConfig
                0x00000bd6       0xaa C:/MaximSDK/Libraries/PeriphDrivers/bin/MAX32660/softfp/libPeriphDriver_softfp.a(gpio_reva.o)
                0x00000bd6                MXC_GPIO_RevA_IntConfig
 .text.MXC_GPIO_RevA_EnableInt
                0x00000c80        0x4 C:/MaximSDK/Libraries/PeriphDrivers/bin/MAX32660/softfp/libPeriphDriver_softfp.a(gpio_reva.o)
                0x00000c80                MXC_GPIO_RevA_EnableInt
 .text.MXC_GPIO_RevA_ClearFlags
                0x00000c84        0x4 C:/MaximSDK/Libraries/PeriphDrivers/bin/MAX32660/softfp/libPeriphDriver_softfp.a(gpio_reva.o)
                0x00000c84                MXC_GPIO_RevA_ClearFlags
 .text.MXC_GPIO_RevA_GetFlags
                0x00000c88        0x4 C:/MaximSDK/Libraries/PeriphDrivers/bin/MAX32660/softfp/libPeriphDriver_softfp.a(gpio_reva.o)
                0x00000c88                MXC_GPIO_RevA_GetFlags
 .text.MXC_GPIO_RevA_SetVSSEL
                0x00000c8c       0x2a C:/MaximSDK/Libraries/PeriphDrivers/bin/MAX32660/softfp/libPeriphDriver_softfp.a(gpio_reva.o)
                0x00000c8c                MXC_GPIO_RevA_SetVSSEL
 .text.MXC_GPIO_RevA_SetDriveStrength
                0x00000cb6       0x88 C:/MaximSDK/Libraries/PeriphDrivers/bin/MAX32660/softfp/libPeriphDriver_softfp.a(gpio_reva.o)
                0x00000cb6                MXC_GPIO_RevA_SetDriveStrength
 *fill*         0x00000d3e        0x2 
 .text.MXC_SPI_Init
                0x00000d40       0xa0 C:/MaximSDK/Libraries/PeriphDrivers/bin/MAX32660/softfp/libPeriphDriver_softfp.a(spi_me11.o)
                0x00000d40                MXC_SPI_Init
 .text.MXC_SPI_GetPeripheralClock
                0x00000de0       0x1c C:/MaximSDK/Libraries/PeriphDrivers/bin/MAX32660/softfp/libPeriphDriver_softfp.a(spi_me11.o)
                0x00000de0                MXC_SPI_GetPeripheralClock
 .text.MXC_SPI_SetFrequency
                0x00000dfc        0x8 C:/MaximSDK/Libraries/PeriphDrivers/bin/MAX32660/softfp/libPeriphDriver_softfp.a(spi_me11.o)
                0x00000dfc                MXC_SPI_SetFrequency
 .text.MXC_SPI_SetDataSize
                0x00000e04        0x8 C:/MaximSDK/Libraries/PeriphDrivers/bin/MAX32660/softfp/libPeriphDriver_softfp.a(spi_me11.o)
                0x00000e04                MXC_SPI_SetDataSize
 .text.MXC_SPI_GetDataSize
                0x00000e0c        0x8 C:/MaximSDK/Libraries/PeriphDrivers/bin/MAX32660/softfp/libPeriphDriver_softfp.a(spi_me11.o)
                0x00000e0c                MXC_SPI_GetDataSize
 .text.MXC_SPI_SetSlave
                0x00000e14        0x8 C:/MaximSDK/Libraries/PeriphDrivers/bin/MAX32660/softfp/libPeriphDriver_softfp.a(spi_me11.o)
                0x00000e14                MXC_SPI_SetSlave
 .text.MXC_SPI_SetWidth
                0x00000e1c        0x8 C:/MaximSDK/Libraries/PeriphDrivers/bin/MAX32660/softfp/libPeriphDriver_softfp.a(spi_me11.o)
                0x00000e1c                MXC_SPI_SetWidth
 .text.MXC_SPI_GetWidth
                0x00000e24        0x8 C:/MaximSDK/Libraries/PeriphDrivers/bin/MAX32660/softfp/libPeriphDriver_softfp.a(spi_me11.o)
                0x00000e24                MXC_SPI_GetWidth
 .text.MXC_SPI_SetMode
                0x00000e2c        0x8 C:/MaximSDK/Libraries/PeriphDrivers/bin/MAX32660/softfp/libPeriphDriver_softfp.a(spi_me11.o)
                0x00000e2c                MXC_SPI_SetMode
 .text.MXC_SPI_StartTransmission
                0x00000e34        0x8 C:/MaximSDK/Libraries/PeriphDrivers/bin/MAX32660/softfp/libPeriphDriver_softfp.a(spi_me11.o)
                0x00000e34                MXC_SPI_StartTransmission
 .text.MXC_SPI_GetActive
                0x00000e3c        0x8 C:/MaximSDK/Libraries/PeriphDrivers/bin/MAX32660/softfp/libPeriphDriver_softfp.a(spi_me11.o)
                0x00000e3c                MXC_SPI_GetActive
 .text.MXC_SPI_ReadRXFIFO
                0x00000e44        0x8 C:/MaximSDK/Libraries/PeriphDrivers/bin/MAX32660/softfp/libPeriphDriver_softfp.a(spi_me11.o)
                0x00000e44                MXC_SPI_ReadRXFIFO
 .text.MXC_SPI_GetRXFIFOAvailable
                0x00000e4c        0x8 C:/MaximSDK/Libraries/PeriphDrivers/bin/MAX32660/softfp/libPeriphDriver_softfp.a(spi_me11.o)
                0x00000e4c                MXC_SPI_GetRXFIFOAvailable
 .text.MXC_SPI_WriteTXFIFO
                0x00000e54        0x8 C:/MaximSDK/Libraries/PeriphDrivers/bin/MAX32660/softfp/libPeriphDriver_softfp.a(spi_me11.o)
                0x00000e54                MXC_SPI_WriteTXFIFO
 .text.MXC_SPI_GetTXFIFOAvailable
                0x00000e5c        0x8 C:/MaximSDK/Libraries/PeriphDrivers/bin/MAX32660/softfp/libPeriphDriver_softfp.a(spi_me11.o)
                0x00000e5c                MXC_SPI_GetTXFIFOAvailable
 .text.MXC_SPI_SetRXThreshold
                0x00000e64        0x8 C:/MaximSDK/Libraries/PeriphDrivers/bin/MAX32660/softfp/libPeriphDriver_softfp.a(spi_me11.o)
                0x00000e64                MXC_SPI_SetRXThreshold
 .text.MXC_SPI_SetTXThreshold
                0x00000e6c        0x8 C:/MaximSDK/Libraries/PeriphDrivers/bin/MAX32660/softfp/libPeriphDriver_softfp.a(spi_me11.o)
                0x00000e6c                MXC_SPI_SetTXThreshold
 .text.MXC_SPI_MasterTransaction
                0x00000e74        0x8 C:/MaximSDK/Libraries/PeriphDrivers/bin/MAX32660/softfp/libPeriphDriver_softfp.a(spi_me11.o)
                0x00000e74                MXC_SPI_MasterTransaction
 .text.MXC_SPI_RevA1_TransSetup
                0x00000e7c      0x1b8 C:/MaximSDK/Libraries/PeriphDrivers/bin/MAX32660/softfp/libPeriphDriver_softfp.a(spi_reva1.o)
 .text.MXC_SPI_RevA1_TransHandler
                0x00001034      0x17c C:/MaximSDK/Libraries/PeriphDrivers/bin/MAX32660/softfp/libPeriphDriver_softfp.a(spi_reva1.o)
 .text.MXC_SPI_RevA1_MasterTransHandler
                0x000011b0       0x8c C:/MaximSDK/Libraries/PeriphDrivers/bin/MAX32660/softfp/libPeriphDriver_softfp.a(spi_reva1.o)
 .text.MXC_SPI_RevA1_Init
                0x0000123c       0xd4 C:/MaximSDK/Libraries/PeriphDrivers/bin/MAX32660/softfp/libPeriphDriver_softfp.a(spi_reva1.o)
                0x0000123c                MXC_SPI_RevA1_Init
 .text.MXC_SPI_RevA1_SetFrequency
                0x00001310       0x84 C:/MaximSDK/Libraries/PeriphDrivers/bin/MAX32660/softfp/libPeriphDriver_softfp.a(spi_reva1.o)
                0x00001310                MXC_SPI_RevA1_SetFrequency
 .text.MXC_SPI_RevA1_SetDataSize
                0x00001394       0x90 C:/MaximSDK/Libraries/PeriphDrivers/bin/MAX32660/softfp/libPeriphDriver_softfp.a(spi_reva1.o)
                0x00001394                MXC_SPI_RevA1_SetDataSize
 .text.MXC_SPI_RevA1_GetDataSize
                0x00001424       0x14 C:/MaximSDK/Libraries/PeriphDrivers/bin/MAX32660/softfp/libPeriphDriver_softfp.a(spi_reva1.o)
                0x00001424                MXC_SPI_RevA1_GetDataSize
 .text.MXC_SPI_RevA1_SetSlave
                0x00001438       0x68 C:/MaximSDK/Libraries/PeriphDrivers/bin/MAX32660/softfp/libPeriphDriver_softfp.a(spi_reva1.o)
                0x00001438                MXC_SPI_RevA1_SetSlave
 .text.MXC_SPI_RevA1_SetWidth
                0x000014a0       0x3a C:/MaximSDK/Libraries/PeriphDrivers/bin/MAX32660/softfp/libPeriphDriver_softfp.a(spi_reva1.o)
                0x000014a0                MXC_SPI_RevA1_SetWidth
 .text.MXC_SPI_RevA1_GetWidth
                0x000014da       0x28 C:/MaximSDK/Libraries/PeriphDrivers/bin/MAX32660/softfp/libPeriphDriver_softfp.a(spi_reva1.o)
                0x000014da                MXC_SPI_RevA1_GetWidth
 .text.MXC_SPI_RevA1_SetMode
                0x00001502       0x56 C:/MaximSDK/Libraries/PeriphDrivers/bin/MAX32660/softfp/libPeriphDriver_softfp.a(spi_reva1.o)
                0x00001502                MXC_SPI_RevA1_SetMode
 .text.MXC_SPI_RevA1_StartTransmission
                0x00001558       0x1a C:/MaximSDK/Libraries/PeriphDrivers/bin/MAX32660/softfp/libPeriphDriver_softfp.a(spi_reva1.o)
                0x00001558                MXC_SPI_RevA1_StartTransmission
 .text.MXC_SPI_RevA1_GetActive
                0x00001572       0x12 C:/MaximSDK/Libraries/PeriphDrivers/bin/MAX32660/softfp/libPeriphDriver_softfp.a(spi_reva1.o)
                0x00001572                MXC_SPI_RevA1_GetActive
 .text.MXC_SPI_RevA1_ReadRXFIFO
                0x00001584       0x64 C:/MaximSDK/Libraries/PeriphDrivers/bin/MAX32660/softfp/libPeriphDriver_softfp.a(spi_reva1.o)
                0x00001584                MXC_SPI_RevA1_ReadRXFIFO
 .text.MXC_SPI_RevA1_GetRXFIFOAvailable
                0x000015e8        0x8 C:/MaximSDK/Libraries/PeriphDrivers/bin/MAX32660/softfp/libPeriphDriver_softfp.a(spi_reva1.o)
                0x000015e8                MXC_SPI_RevA1_GetRXFIFOAvailable
 .text.MXC_SPI_RevA1_WriteTXFIFO
                0x000015f0       0x60 C:/MaximSDK/Libraries/PeriphDrivers/bin/MAX32660/softfp/libPeriphDriver_softfp.a(spi_reva1.o)
                0x000015f0                MXC_SPI_RevA1_WriteTXFIFO
 .text.MXC_SPI_RevA1_GetTXFIFOAvailable
                0x00001650        0xc C:/MaximSDK/Libraries/PeriphDrivers/bin/MAX32660/softfp/libPeriphDriver_softfp.a(spi_reva1.o)
                0x00001650                MXC_SPI_RevA1_GetTXFIFOAvailable
 .text.MXC_SPI_RevA1_SetRXThreshold
                0x0000165c       0x1e C:/MaximSDK/Libraries/PeriphDrivers/bin/MAX32660/softfp/libPeriphDriver_softfp.a(spi_reva1.o)
                0x0000165c                MXC_SPI_RevA1_SetRXThreshold
 .text.MXC_SPI_RevA1_SetTXThreshold
                0x0000167a       0x1e C:/MaximSDK/Libraries/PeriphDrivers/bin/MAX32660/softfp/libPeriphDriver_softfp.a(spi_reva1.o)
                0x0000167a                MXC_SPI_RevA1_SetTXThreshold
 .text.MXC_SPI_RevA1_MasterTransaction
                0x00001698       0x50 C:/MaximSDK/Libraries/PeriphDrivers/bin/MAX32660/softfp/libPeriphDriver_softfp.a(spi_reva1.o)
                0x00001698                MXC_SPI_RevA1_MasterTransaction
 .text.MXC_UART_Shutdown
                0x000016e8       0x3c C:/MaximSDK/Libraries/PeriphDrivers/bin/MAX32660/softfp/libPeriphDriver_softfp.a(uart_me11.o)
                0x000016e8                MXC_UART_Shutdown
 .text.MXC_UART_Init
                0x00001724       0x78 C:/MaximSDK/Libraries/PeriphDrivers/bin/MAX32660/softfp/libPeriphDriver_softfp.a(uart_me11.o)
                0x00001724                MXC_UART_Init
 .text.MXC_UART_SetFrequency
                0x0000179c        0x8 C:/MaximSDK/Libraries/PeriphDrivers/bin/MAX32660/softfp/libPeriphDriver_softfp.a(uart_me11.o)
                0x0000179c                MXC_UART_SetFrequency
 .text.MXC_UART_GetFrequency
                0x000017a4        0x8 C:/MaximSDK/Libraries/PeriphDrivers/bin/MAX32660/softfp/libPeriphDriver_softfp.a(uart_me11.o)
                0x000017a4                MXC_UART_GetFrequency
 .text.MXC_UART_SetDataSize
                0x000017ac        0x8 C:/MaximSDK/Libraries/PeriphDrivers/bin/MAX32660/softfp/libPeriphDriver_softfp.a(uart_me11.o)
                0x000017ac                MXC_UART_SetDataSize
 .text.MXC_UART_SetStopBits
                0x000017b4        0x8 C:/MaximSDK/Libraries/PeriphDrivers/bin/MAX32660/softfp/libPeriphDriver_softfp.a(uart_me11.o)
                0x000017b4                MXC_UART_SetStopBits
 .text.MXC_UART_SetParity
                0x000017bc        0x8 C:/MaximSDK/Libraries/PeriphDrivers/bin/MAX32660/softfp/libPeriphDriver_softfp.a(uart_me11.o)
                0x000017bc                MXC_UART_SetParity
 .text.MXC_UART_ReadCharacterRaw
                0x000017c4        0x8 C:/MaximSDK/Libraries/PeriphDrivers/bin/MAX32660/softfp/libPeriphDriver_softfp.a(uart_me11.o)
                0x000017c4                MXC_UART_ReadCharacterRaw
 .text.MXC_UART_WriteCharacterRaw
                0x000017cc        0x8 C:/MaximSDK/Libraries/PeriphDrivers/bin/MAX32660/softfp/libPeriphDriver_softfp.a(uart_me11.o)
                0x000017cc                MXC_UART_WriteCharacterRaw
 .text.MXC_UART_ReadCharacter
                0x000017d4        0x8 C:/MaximSDK/Libraries/PeriphDrivers/bin/MAX32660/softfp/libPeriphDriver_softfp.a(uart_me11.o)
                0x000017d4                MXC_UART_ReadCharacter
 .text.MXC_UART_WriteCharacter
                0x000017dc        0x8 C:/MaximSDK/Libraries/PeriphDrivers/bin/MAX32660/softfp/libPeriphDriver_softfp.a(uart_me11.o)
                0x000017dc                MXC_UART_WriteCharacter
 .text.MXC_UART_GetRXFIFOAvailable
                0x000017e4        0x8 C:/MaximSDK/Libraries/PeriphDrivers/bin/MAX32660/softfp/libPeriphDriver_softfp.a(uart_me11.o)
                0x000017e4                MXC_UART_GetRXFIFOAvailable
 .text.MXC_UART_GetTXFIFOAvailable
                0x000017ec        0x8 C:/MaximSDK/Libraries/PeriphDrivers/bin/MAX32660/softfp/libPeriphDriver_softfp.a(uart_me11.o)
                0x000017ec                MXC_UART_GetTXFIFOAvailable
 .text.MXC_UART_SetRXThreshold
                0x000017f4        0x8 C:/MaximSDK/Libraries/PeriphDrivers/bin/MAX32660/softfp/libPeriphDriver_softfp.a(uart_me11.o)
                0x000017f4                MXC_UART_SetRXThreshold
 .text.MXC_UART_SetTXThreshold
                0x000017fc        0x8 C:/MaximSDK/Libraries/PeriphDrivers/bin/MAX32660/softfp/libPeriphDriver_softfp.a(uart_me11.o)
                0x000017fc                MXC_UART_SetTXThreshold
 .text.MXC_UART_RevA_Init
                0x00001804       0x5e C:/MaximSDK/Libraries/PeriphDrivers/bin/MAX32660/softfp/libPeriphDriver_softfp.a(uart_reva.o)
                0x00001804                MXC_UART_RevA_Init
 *fill*         0x00001862        0x2 
 .text.MXC_UART_RevA_SetFrequency
                0x00001864      0x11c C:/MaximSDK/Libraries/PeriphDrivers/bin/MAX32660/softfp/libPeriphDriver_softfp.a(uart_reva.o)
                0x00001864                MXC_UART_RevA_SetFrequency
 .text.MXC_UART_RevA_GetFrequency
                0x00001980       0xb4 C:/MaximSDK/Libraries/PeriphDrivers/bin/MAX32660/softfp/libPeriphDriver_softfp.a(uart_reva.o)
                0x00001980                MXC_UART_RevA_GetFrequency
 .text.MXC_UART_RevA_SetDataSize
                0x00001a34       0x38 C:/MaximSDK/Libraries/PeriphDrivers/bin/MAX32660/softfp/libPeriphDriver_softfp.a(uart_reva.o)
                0x00001a34                MXC_UART_RevA_SetDataSize
 .text.MXC_UART_RevA_SetStopBits
                0x00001a6c       0x3c C:/MaximSDK/Libraries/PeriphDrivers/bin/MAX32660/softfp/libPeriphDriver_softfp.a(uart_reva.o)
                0x00001a6c                MXC_UART_RevA_SetStopBits
 .text.MXC_UART_RevA_SetParity
                0x00001aa8      0x134 C:/MaximSDK/Libraries/PeriphDrivers/bin/MAX32660/softfp/libPeriphDriver_softfp.a(uart_reva.o)
                0x00001aa8                MXC_UART_RevA_SetParity
 .text.MXC_UART_RevA_ReadCharacterRaw
                0x00001bdc       0x2c C:/MaximSDK/Libraries/PeriphDrivers/bin/MAX32660/softfp/libPeriphDriver_softfp.a(uart_reva.o)
                0x00001bdc                MXC_UART_RevA_ReadCharacterRaw
 .text.MXC_UART_RevA_WriteCharacterRaw
                0x00001c08       0x2c C:/MaximSDK/Libraries/PeriphDrivers/bin/MAX32660/softfp/libPeriphDriver_softfp.a(uart_reva.o)
                0x00001c08                MXC_UART_RevA_WriteCharacterRaw
 .text.MXC_UART_RevA_GetRXFIFOAvailable
                0x00001c34        0x8 C:/MaximSDK/Libraries/PeriphDrivers/bin/MAX32660/softfp/libPeriphDriver_softfp.a(uart_reva.o)
                0x00001c34                MXC_UART_RevA_GetRXFIFOAvailable
 .text.MXC_UART_RevA_GetTXFIFOAvailable
                0x00001c3c        0xc C:/MaximSDK/Libraries/PeriphDrivers/bin/MAX32660/softfp/libPeriphDriver_softfp.a(uart_reva.o)
                0x00001c3c                MXC_UART_RevA_GetTXFIFOAvailable
 .text.MXC_UART_RevA_SetRXThreshold
                0x00001c48       0x38 C:/MaximSDK/Libraries/PeriphDrivers/bin/MAX32660/softfp/libPeriphDriver_softfp.a(uart_reva.o)
                0x00001c48                MXC_UART_RevA_SetRXThreshold
 .text.MXC_UART_RevA_SetTXThreshold
                0x00001c80       0x38 C:/MaximSDK/Libraries/PeriphDrivers/bin/MAX32660/softfp/libPeriphDriver_softfp.a(uart_reva.o)
                0x00001c80                MXC_UART_RevA_SetTXThreshold
 .text.MXC_FreeLock
                0x00001cb8        0xa C:/MaximSDK/Libraries/PeriphDrivers/bin/MAX32660/softfp/libPeriphDriver_softfp.a(mxc_lock.o)
                0x00001cb8                MXC_FreeLock
 *fill*         0x00001cc2        0x2 
 .text.MXC_GPIO_Common_RegisterCallback
                0x00001cc4       0x68 C:/MaximSDK/Libraries/PeriphDrivers/bin/MAX32660/softfp/libPeriphDriver_softfp.a(gpio_common.o)
                0x00001cc4                MXC_GPIO_Common_RegisterCallback
 .text.MXC_GPIO_Common_Handler
                0x00001d2c       0x74 C:/MaximSDK/Libraries/PeriphDrivers/bin/MAX32660/softfp/libPeriphDriver_softfp.a(gpio_common.o)
                0x00001d2c                MXC_GPIO_Common_Handler
 .text.MXC_UART_Common_ReadCharacter
                0x00001da0       0x16 C:/MaximSDK/Libraries/PeriphDrivers/bin/MAX32660/softfp/libPeriphDriver_softfp.a(uart_common.o)
                0x00001da0                MXC_UART_Common_ReadCharacter
 .text.MXC_UART_Common_WriteCharacter
                0x00001db6       0x1a C:/MaximSDK/Libraries/PeriphDrivers/bin/MAX32660/softfp/libPeriphDriver_softfp.a(uart_common.o)
                0x00001db6                MXC_UART_Common_WriteCharacter
 .text.__errno  0x00001dd0        0xc c:/maximsdk/tools/gnutools/10.3/bin/../lib/gcc/arm-none-eabi/10.3.1/../../../../arm-none-eabi/lib/thumb/v7e-m+fp/softfp\libc.a(lib_a-errno.o)
                0x00001dd0                __errno
 .text.__libc_init_array
                0x00001ddc       0x48 c:/maximsdk/tools/gnutools/10.3/bin/../lib/gcc/arm-none-eabi/10.3.1/../../../../arm-none-eabi/lib/thumb/v7e-m+fp/softfp\libc.a(lib_a-init.o)
                0x00001ddc                __libc_init_array
 .text          0x00001e24      0x134 c:/maximsdk/tools/gnutools/10.3/bin/../lib/gcc/arm-none-eabi/10.3.1/../../../../arm-none-eabi/lib/thumb/v7e-m+fp/softfp\libc.a(lib_a-memcpy.o)
                0x00001e24                memcpy
 .text.memset   0x00001f58       0xa4 c:/maximsdk/tools/gnutools/10.3/bin/../lib/gcc/arm-none-eabi/10.3.1/../../../../arm-none-eabi/lib/thumb/v7e-m+fp/softfp\libc.a(lib_a-memset.o)
                0x00001f58                memset
 .text.printf   0x00001ffc       0x28 c:/maximsdk/tools/gnutools/10.3/bin/../lib/gcc/arm-none-eabi/10.3.1/../../../../arm-none-eabi/lib/thumb/v7e-m+fp/softfp\libc.a(lib_a-printf.o)
                0x00001ffc                printf
 .text._puts_r  0x00002024       0x9c c:/maximsdk/tools/gnutools/10.3/bin/../lib/gcc/arm-none-eabi/10.3.1/../../../../arm-none-eabi/lib/thumb/v7e-m+fp/softfp\libc.a(lib_a-puts.o)
                0x00002024                _puts_r
 .text.puts     0x000020c0       0x10 c:/maximsdk/tools/gnutools/10.3/bin/../lib/gcc/arm-none-eabi/10.3.1/../../../../arm-none-eabi/lib/thumb/v7e-m+fp/softfp\libc.a(lib_a-puts.o)
                0x000020c0                puts
 *fill*         0x000020d0       0x30 
 .text          0x00002100       0xdc c:/maximsdk/tools/gnutools/10.3/bin/../lib/gcc/arm-none-eabi/10.3.1/../../../../arm-none-eabi/lib/thumb/v7e-m+fp/softfp\libc.a(lib_a-strlen.o)
                0x00002100                strlen
 *fill*         0x000021dc        0x4 
 .text._vfprintf_r
                0x000021e0     0x1b8c c:/maximsdk/tools/gnutools/10.3/bin/../lib/gcc/arm-none-eabi/10.3.1/../../../../arm-none-eabi/lib/thumb/v7e-m+fp/softfp\libc.a(lib_a-vfprintf.o)
                0x000021e0                _vfprintf_r
 .text.__sbprintf
                0x00003d6c       0x80 c:/maximsdk/tools/gnutools/10.3/bin/../lib/gcc/arm-none-eabi/10.3.1/../../../../arm-none-eabi/lib/thumb/v7e-m+fp/softfp\libc.a(lib_a-vfprintf.o)
 .text.__swsetup_r
                0x00003dec       0xd4 c:/maximsdk/tools/gnutools/10.3/bin/../lib/gcc/arm-none-eabi/10.3.1/../../../../arm-none-eabi/lib/thumb/v7e-m+fp/softfp\libc.a(lib_a-wsetup.o)
                0x00003dec                __swsetup_r
 .text.startup.register_fini
                0x00003ec0       0x14 c:/maximsdk/tools/gnutools/10.3/bin/../lib/gcc/arm-none-eabi/10.3.1/../../../../arm-none-eabi/lib/thumb/v7e-m+fp/softfp\libc.a(lib_a-__call_atexit.o)
 .text.atexit   0x00003ed4        0xc c:/maximsdk/tools/gnutools/10.3/bin/../lib/gcc/arm-none-eabi/10.3.1/../../../../arm-none-eabi/lib/thumb/v7e-m+fp/softfp\libc.a(lib_a-atexit.o)
                0x00003ed4                atexit
 .text.quorem   0x00003ee0      0x128 c:/maximsdk/tools/gnutools/10.3/bin/../lib/gcc/arm-none-eabi/10.3.1/../../../../arm-none-eabi/lib/thumb/v7e-m+fp/softfp\libc.a(lib_a-dtoa.o)
 .text._dtoa_r  0x00004008      0xf34 c:/maximsdk/tools/gnutools/10.3/bin/../lib/gcc/arm-none-eabi/10.3.1/../../../../arm-none-eabi/lib/thumb/v7e-m+fp/softfp\libc.a(lib_a-dtoa.o)
                0x00004008                _dtoa_r
 .text.__sflush_r
                0x00004f3c      0x130 c:/maximsdk/tools/gnutools/10.3/bin/../lib/gcc/arm-none-eabi/10.3.1/../../../../arm-none-eabi/lib/thumb/v7e-m+fp/softfp\libc.a(lib_a-fflush.o)
                0x00004f3c                __sflush_r
 .text._fflush_r
                0x0000506c       0x5c c:/maximsdk/tools/gnutools/10.3/bin/../lib/gcc/arm-none-eabi/10.3.1/../../../../arm-none-eabi/lib/thumb/v7e-m+fp/softfp\libc.a(lib_a-fflush.o)
                0x0000506c                _fflush_r
 .text._cleanup_r
                0x000050c8        0xc c:/maximsdk/tools/gnutools/10.3/bin/../lib/gcc/arm-none-eabi/10.3.1/../../../../arm-none-eabi/lib/thumb/v7e-m+fp/softfp\libc.a(lib_a-findfp.o)
                0x000050c8                _cleanup_r
 .text.__sinit  0x000050d4      0x10c c:/maximsdk/tools/gnutools/10.3/bin/../lib/gcc/arm-none-eabi/10.3.1/../../../../arm-none-eabi/lib/thumb/v7e-m+fp/softfp\libc.a(lib_a-findfp.o)
                0x000050d4                __sinit
 .text.__sfp_lock_acquire
                0x000051e0        0xc c:/maximsdk/tools/gnutools/10.3/bin/../lib/gcc/arm-none-eabi/10.3.1/../../../../arm-none-eabi/lib/thumb/v7e-m+fp/softfp\libc.a(lib_a-findfp.o)
                0x000051e0                __sfp_lock_acquire
 .text.__sfp_lock_release
                0x000051ec        0xc c:/maximsdk/tools/gnutools/10.3/bin/../lib/gcc/arm-none-eabi/10.3.1/../../../../arm-none-eabi/lib/thumb/v7e-m+fp/softfp\libc.a(lib_a-findfp.o)
                0x000051ec                __sfp_lock_release
 .text.__libc_fini_array
                0x000051f8       0x2c c:/maximsdk/tools/gnutools/10.3/bin/../lib/gcc/arm-none-eabi/10.3.1/../../../../arm-none-eabi/lib/thumb/v7e-m+fp/softfp\libc.a(lib_a-fini.o)
                0x000051f8                __libc_fini_array
 .text._malloc_trim_r
                0x00005224       0xa0 c:/maximsdk/tools/gnutools/10.3/bin/../lib/gcc/arm-none-eabi/10.3.1/../../../../arm-none-eabi/lib/thumb/v7e-m+fp/softfp\libc.a(lib_a-freer.o)
                0x00005224                _malloc_trim_r
 .text._free_r  0x000052c4      0x20c c:/maximsdk/tools/gnutools/10.3/bin/../lib/gcc/arm-none-eabi/10.3.1/../../../../arm-none-eabi/lib/thumb/v7e-m+fp/softfp\libc.a(lib_a-freer.o)
                0x000052c4                _free_r
 .text.__sfvwrite_r
                0x000054d0      0x2f0 c:/maximsdk/tools/gnutools/10.3/bin/../lib/gcc/arm-none-eabi/10.3.1/../../../../arm-none-eabi/lib/thumb/v7e-m+fp/softfp\libc.a(lib_a-fvwrite.o)
                0x000054d0                __sfvwrite_r
 .text._fwalk_reent
                0x000057c0       0x48 c:/maximsdk/tools/gnutools/10.3/bin/../lib/gcc/arm-none-eabi/10.3.1/../../../../arm-none-eabi/lib/thumb/v7e-m+fp/softfp\libc.a(lib_a-fwalk.o)
                0x000057c0                _fwalk_reent
 .text._localeconv_r
                0x00005808        0x8 c:/maximsdk/tools/gnutools/10.3/bin/../lib/gcc/arm-none-eabi/10.3.1/../../../../arm-none-eabi/lib/thumb/v7e-m+fp/softfp\libc.a(lib_a-localeconv.o)
                0x00005808                _localeconv_r
 .text.__retarget_lock_init_recursive
                0x00005810        0x4 c:/maximsdk/tools/gnutools/10.3/bin/../lib/gcc/arm-none-eabi/10.3.1/../../../../arm-none-eabi/lib/thumb/v7e-m+fp/softfp\libc.a(lib_a-lock.o)
                0x00005810                __retarget_lock_init_recursive
 .text.__retarget_lock_close_recursive
                0x00005814        0x4 c:/maximsdk/tools/gnutools/10.3/bin/../lib/gcc/arm-none-eabi/10.3.1/../../../../arm-none-eabi/lib/thumb/v7e-m+fp/softfp\libc.a(lib_a-lock.o)
                0x00005814                __retarget_lock_close_recursive
 .text.__retarget_lock_acquire_recursive
                0x00005818        0x4 c:/maximsdk/tools/gnutools/10.3/bin/../lib/gcc/arm-none-eabi/10.3.1/../../../../arm-none-eabi/lib/thumb/v7e-m+fp/softfp\libc.a(lib_a-lock.o)
                0x00005818                __retarget_lock_acquire_recursive
 .text.__retarget_lock_release_recursive
                0x0000581c        0x4 c:/maximsdk/tools/gnutools/10.3/bin/../lib/gcc/arm-none-eabi/10.3.1/../../../../arm-none-eabi/lib/thumb/v7e-m+fp/softfp\libc.a(lib_a-lock.o)
                0x0000581c                __retarget_lock_release_recursive
 .text.__smakebuf_r
                0x00005820       0xe0 c:/maximsdk/tools/gnutools/10.3/bin/../lib/gcc/arm-none-eabi/10.3.1/../../../../arm-none-eabi/lib/thumb/v7e-m+fp/softfp\libc.a(lib_a-makebuf.o)
                0x00005820                __smakebuf_r
 .text._malloc_r
                0x00005900      0x560 c:/maximsdk/tools/gnutools/10.3/bin/../lib/gcc/arm-none-eabi/10.3.1/../../../../arm-none-eabi/lib/thumb/v7e-m+fp/softfp\libc.a(lib_a-mallocr.o)
                0x00005900                _malloc_r
 .text          0x00005e60       0xa0 c:/maximsdk/tools/gnutools/10.3/bin/../lib/gcc/arm-none-eabi/10.3.1/../../../../arm-none-eabi/lib/thumb/v7e-m+fp/softfp\libc.a(lib_a-memchr.o)
                0x00005e60                memchr
 .text.memmove  0x00005f00       0xf8 c:/maximsdk/tools/gnutools/10.3/bin/../lib/gcc/arm-none-eabi/10.3.1/../../../../arm-none-eabi/lib/thumb/v7e-m+fp/softfp\libc.a(lib_a-memmove.o)
                0x00005f00                memmove
 .text.__malloc_lock
                0x00005ff8        0xc c:/maximsdk/tools/gnutools/10.3/bin/../lib/gcc/arm-none-eabi/10.3.1/../../../../arm-none-eabi/lib/thumb/v7e-m+fp/softfp\libc.a(lib_a-mlock.o)
                0x00005ff8                __malloc_lock
 .text.__malloc_unlock
                0x00006004        0xc c:/maximsdk/tools/gnutools/10.3/bin/../lib/gcc/arm-none-eabi/10.3.1/../../../../arm-none-eabi/lib/thumb/v7e-m+fp/softfp\libc.a(lib_a-mlock.o)
                0x00006004                __malloc_unlock
 .text._Balloc  0x00006010       0x4c c:/maximsdk/tools/gnutools/10.3/bin/../lib/gcc/arm-none-eabi/10.3.1/../../../../arm-none-eabi/lib/thumb/v7e-m+fp/softfp\libc.a(lib_a-mprec.o)
                0x00006010                _Balloc
 .text._Bfree   0x0000605c       0x14 c:/maximsdk/tools/gnutools/10.3/bin/../lib/gcc/arm-none-eabi/10.3.1/../../../../arm-none-eabi/lib/thumb/v7e-m+fp/softfp\libc.a(lib_a-mprec.o)
                0x0000605c                _Bfree
 .text.__multadd
                0x00006070       0xa8 c:/maximsdk/tools/gnutools/10.3/bin/../lib/gcc/arm-none-eabi/10.3.1/../../../../arm-none-eabi/lib/thumb/v7e-m+fp/softfp\libc.a(lib_a-mprec.o)
                0x00006070                __multadd
 .text.__hi0bits
                0x00006118       0x40 c:/maximsdk/tools/gnutools/10.3/bin/../lib/gcc/arm-none-eabi/10.3.1/../../../../arm-none-eabi/lib/thumb/v7e-m+fp/softfp\libc.a(lib_a-mprec.o)
                0x00006118                __hi0bits
 .text.__lo0bits
                0x00006158       0x60 c:/maximsdk/tools/gnutools/10.3/bin/../lib/gcc/arm-none-eabi/10.3.1/../../../../arm-none-eabi/lib/thumb/v7e-m+fp/softfp\libc.a(lib_a-mprec.o)
                0x00006158                __lo0bits
 .text.__i2b    0x000061b8       0x5c c:/maximsdk/tools/gnutools/10.3/bin/../lib/gcc/arm-none-eabi/10.3.1/../../../../arm-none-eabi/lib/thumb/v7e-m+fp/softfp\libc.a(lib_a-mprec.o)
                0x000061b8                __i2b
 .text.__multiply
                0x00006214      0x15c c:/maximsdk/tools/gnutools/10.3/bin/../lib/gcc/arm-none-eabi/10.3.1/../../../../arm-none-eabi/lib/thumb/v7e-m+fp/softfp\libc.a(lib_a-mprec.o)
                0x00006214                __multiply
 .text.__pow5mult
                0x00006370       0xc0 c:/maximsdk/tools/gnutools/10.3/bin/../lib/gcc/arm-none-eabi/10.3.1/../../../../arm-none-eabi/lib/thumb/v7e-m+fp/softfp\libc.a(lib_a-mprec.o)
                0x00006370                __pow5mult
 .text.__lshift
                0x00006430       0xf0 c:/maximsdk/tools/gnutools/10.3/bin/../lib/gcc/arm-none-eabi/10.3.1/../../../../arm-none-eabi/lib/thumb/v7e-m+fp/softfp\libc.a(lib_a-mprec.o)
                0x00006430                __lshift
 .text.__mcmp   0x00006520       0x44 c:/maximsdk/tools/gnutools/10.3/bin/../lib/gcc/arm-none-eabi/10.3.1/../../../../arm-none-eabi/lib/thumb/v7e-m+fp/softfp\libc.a(lib_a-mprec.o)
                0x00006520                __mcmp
 .text.__mdiff  0x00006564      0x14c c:/maximsdk/tools/gnutools/10.3/bin/../lib/gcc/arm-none-eabi/10.3.1/../../../../arm-none-eabi/lib/thumb/v7e-m+fp/softfp\libc.a(lib_a-mprec.o)
                0x00006564                __mdiff
 .text.__d2b    0x000066b0       0xc4 c:/maximsdk/tools/gnutools/10.3/bin/../lib/gcc/arm-none-eabi/10.3.1/../../../../arm-none-eabi/lib/thumb/v7e-m+fp/softfp\libc.a(lib_a-mprec.o)
                0x000066b0                __d2b
 .text._realloc_r
                0x00006774      0x3d8 c:/maximsdk/tools/gnutools/10.3/bin/../lib/gcc/arm-none-eabi/10.3.1/../../../../arm-none-eabi/lib/thumb/v7e-m+fp/softfp\libc.a(lib_a-reallocr.o)
                0x00006774                _realloc_r
 .text.frexp    0x00006b4c       0x70 c:/maximsdk/tools/gnutools/10.3/bin/../lib/gcc/arm-none-eabi/10.3.1/../../../../arm-none-eabi/lib/thumb/v7e-m+fp/softfp\libc.a(lib_a-s_frexp.o)
                0x00006b4c                frexp
 .text._sbrk_r  0x00006bbc       0x24 c:/maximsdk/tools/gnutools/10.3/bin/../lib/gcc/arm-none-eabi/10.3.1/../../../../arm-none-eabi/lib/thumb/v7e-m+fp/softfp\libc.a(lib_a-sbrkr.o)
                0x00006bbc                _sbrk_r
 .text.__sread  0x00006be0       0x24 c:/maximsdk/tools/gnutools/10.3/bin/../lib/gcc/arm-none-eabi/10.3.1/../../../../arm-none-eabi/lib/thumb/v7e-m+fp/softfp\libc.a(lib_a-stdio.o)
                0x00006be0                __sread
 .text.__swrite
                0x00006c04       0x40 c:/maximsdk/tools/gnutools/10.3/bin/../lib/gcc/arm-none-eabi/10.3.1/../../../../arm-none-eabi/lib/thumb/v7e-m+fp/softfp\libc.a(lib_a-stdio.o)
                0x00006c04                __swrite
 .text.__sseek  0x00006c44       0x20 c:/maximsdk/tools/gnutools/10.3/bin/../lib/gcc/arm-none-eabi/10.3.1/../../../../arm-none-eabi/lib/thumb/v7e-m+fp/softfp\libc.a(lib_a-stdio.o)
                0x00006c44                __sseek
 .text.__sclose
                0x00006c64        0x8 c:/maximsdk/tools/gnutools/10.3/bin/../lib/gcc/arm-none-eabi/10.3.1/../../../../arm-none-eabi/lib/thumb/v7e-m+fp/softfp\libc.a(lib_a-stdio.o)
                0x00006c64                __sclose
 .text.strncpy  0x00006c6c       0x64 c:/maximsdk/tools/gnutools/10.3/bin/../lib/gcc/arm-none-eabi/10.3.1/../../../../arm-none-eabi/lib/thumb/v7e-m+fp/softfp\libc.a(lib_a-strncpy.o)
                0x00006c6c                strncpy
 .text.__sprint_r.part.0
                0x00006cd0       0x78 c:/maximsdk/tools/gnutools/10.3/bin/../lib/gcc/arm-none-eabi/10.3.1/../../../../arm-none-eabi/lib/thumb/v7e-m+fp/softfp\libc.a(lib_a-vfiprintf.o)
 .text.__sprint_r
                0x00006d48       0x18 c:/maximsdk/tools/gnutools/10.3/bin/../lib/gcc/arm-none-eabi/10.3.1/../../../../arm-none-eabi/lib/thumb/v7e-m+fp/softfp\libc.a(lib_a-vfiprintf.o)
                0x00006d48                __sprint_r
 .text._vfiprintf_r
                0x00006d60      0xdfc c:/maximsdk/tools/gnutools/10.3/bin/../lib/gcc/arm-none-eabi/10.3.1/../../../../arm-none-eabi/lib/thumb/v7e-m+fp/softfp\libc.a(lib_a-vfiprintf.o)
                0x00006d60                _vfiprintf_r
 .text.__sbprintf
                0x00007b5c       0x80 c:/maximsdk/tools/gnutools/10.3/bin/../lib/gcc/arm-none-eabi/10.3.1/../../../../arm-none-eabi/lib/thumb/v7e-m+fp/softfp\libc.a(lib_a-vfiprintf.o)
 .text._write_r
                0x00007bdc       0x2c c:/maximsdk/tools/gnutools/10.3/bin/../lib/gcc/arm-none-eabi/10.3.1/../../../../arm-none-eabi/lib/thumb/v7e-m+fp/softfp\libc.a(lib_a-writer.o)
                0x00007bdc                _write_r
 .text.__register_exitproc
                0x00007c08       0x8c c:/maximsdk/tools/gnutools/10.3/bin/../lib/gcc/arm-none-eabi/10.3.1/../../../../arm-none-eabi/lib/thumb/v7e-m+fp/softfp\libc.a(lib_a-__atexit.o)
                0x00007c08                __register_exitproc
 .text.__assert_func
                0x00007c94       0x40 c:/maximsdk/tools/gnutools/10.3/bin/../lib/gcc/arm-none-eabi/10.3.1/../../../../arm-none-eabi/lib/thumb/v7e-m+fp/softfp\libc.a(lib_a-assert.o)
                0x00007c94                __assert_func
 .text._calloc_r
                0x00007cd4       0x78 c:/maximsdk/tools/gnutools/10.3/bin/../lib/gcc/arm-none-eabi/10.3.1/../../../../arm-none-eabi/lib/thumb/v7e-m+fp/softfp\libc.a(lib_a-callocr.o)
                0x00007cd4                _calloc_r
 .text._close_r
                0x00007d4c       0x24 c:/maximsdk/tools/gnutools/10.3/bin/../lib/gcc/arm-none-eabi/10.3.1/../../../../arm-none-eabi/lib/thumb/v7e-m+fp/softfp\libc.a(lib_a-closer.o)
                0x00007d4c                _close_r
 .text._fclose_r
                0x00007d70       0xcc c:/maximsdk/tools/gnutools/10.3/bin/../lib/gcc/arm-none-eabi/10.3.1/../../../../arm-none-eabi/lib/thumb/v7e-m+fp/softfp\libc.a(lib_a-fclose.o)
                0x00007d70                _fclose_r
 .text.fiprintf
                0x00007e3c       0x28 c:/maximsdk/tools/gnutools/10.3/bin/../lib/gcc/arm-none-eabi/10.3.1/../../../../arm-none-eabi/lib/thumb/v7e-m+fp/softfp\libc.a(lib_a-fiprintf.o)
                0x00007e3c                fiprintf
 .text.__fputwc
                0x00007e64       0xa8 c:/maximsdk/tools/gnutools/10.3/bin/../lib/gcc/arm-none-eabi/10.3.1/../../../../arm-none-eabi/lib/thumb/v7e-m+fp/softfp\libc.a(lib_a-fputwc.o)
                0x00007e64                __fputwc
 .text._fputwc_r
                0x00007f0c       0x68 c:/maximsdk/tools/gnutools/10.3/bin/../lib/gcc/arm-none-eabi/10.3.1/../../../../arm-none-eabi/lib/thumb/v7e-m+fp/softfp\libc.a(lib_a-fputwc.o)
                0x00007f0c                _fputwc_r
 .text._fstat_r
                0x00007f74       0x2c c:/maximsdk/tools/gnutools/10.3/bin/../lib/gcc/arm-none-eabi/10.3.1/../../../../arm-none-eabi/lib/thumb/v7e-m+fp/softfp\libc.a(lib_a-fstatr.o)
                0x00007f74                _fstat_r
 .text._isatty_r
                0x00007fa0       0x24 c:/maximsdk/tools/gnutools/10.3/bin/../lib/gcc/arm-none-eabi/10.3.1/../../../../arm-none-eabi/lib/thumb/v7e-m+fp/softfp\libc.a(lib_a-isattyr.o)
                0x00007fa0                _isatty_r
 .text.__locale_mb_cur_max
                0x00007fc4        0xc c:/maximsdk/tools/gnutools/10.3/bin/../lib/gcc/arm-none-eabi/10.3.1/../../../../arm-none-eabi/lib/thumb/v7e-m+fp/softfp\libc.a(lib_a-locale.o)
                0x00007fc4                __locale_mb_cur_max
 .text._lseek_r
                0x00007fd0       0x2c c:/maximsdk/tools/gnutools/10.3/bin/../lib/gcc/arm-none-eabi/10.3.1/../../../../arm-none-eabi/lib/thumb/v7e-m+fp/softfp\libc.a(lib_a-lseekr.o)
                0x00007fd0                _lseek_r
 .text.__ascii_mbtowc
                0x00007ffc       0x2c c:/maximsdk/tools/gnutools/10.3/bin/../lib/gcc/arm-none-eabi/10.3.1/../../../../arm-none-eabi/lib/thumb/v7e-m+fp/softfp\libc.a(lib_a-mbtowc_r.o)
                0x00007ffc                __ascii_mbtowc
 .text._read_r  0x00008028       0x2c c:/maximsdk/tools/gnutools/10.3/bin/../lib/gcc/arm-none-eabi/10.3.1/../../../../arm-none-eabi/lib/thumb/v7e-m+fp/softfp\libc.a(lib_a-readr.o)
                0x00008028                _read_r
 .text.__swbuf_r
                0x00008054       0xb0 c:/maximsdk/tools/gnutools/10.3/bin/../lib/gcc/arm-none-eabi/10.3.1/../../../../arm-none-eabi/lib/thumb/v7e-m+fp/softfp\libc.a(lib_a-wbuf.o)
                0x00008054                __swbuf_r
 .text._wcrtomb_r
                0x00008104       0x3c c:/maximsdk/tools/gnutools/10.3/bin/../lib/gcc/arm-none-eabi/10.3.1/../../../../arm-none-eabi/lib/thumb/v7e-m+fp/softfp\libc.a(lib_a-wcrtomb.o)
                0x00008104                _wcrtomb_r
 .text.__ascii_wctomb
                0x00008140       0x1c c:/maximsdk/tools/gnutools/10.3/bin/../lib/gcc/arm-none-eabi/10.3.1/../../../../arm-none-eabi/lib/thumb/v7e-m+fp/softfp\libc.a(lib_a-wctomb_r.o)
                0x00008140                __ascii_wctomb
 .text.abort    0x0000815c       0x10 c:/maximsdk/tools/gnutools/10.3/bin/../lib/gcc/arm-none-eabi/10.3.1/../../../../arm-none-eabi/lib/thumb/v7e-m+fp/softfp\libc.a(lib_a-abort.o)
                0x0000815c                abort
 .text.raise    0x0000816c       0x5c c:/maximsdk/tools/gnutools/10.3/bin/../lib/gcc/arm-none-eabi/10.3.1/../../../../arm-none-eabi/lib/thumb/v7e-m+fp/softfp\libc.a(lib_a-signal.o)
                0x0000816c                raise
 .text._kill_r  0x000081c8       0x2c c:/maximsdk/tools/gnutools/10.3/bin/../lib/gcc/arm-none-eabi/10.3.1/../../../../arm-none-eabi/lib/thumb/v7e-m+fp/softfp\libc.a(lib_a-signalr.o)
                0x000081c8                _kill_r
 .text._getpid_r
                0x000081f4        0x4 c:/maximsdk/tools/gnutools/10.3/bin/../lib/gcc/arm-none-eabi/10.3.1/../../../../arm-none-eabi/lib/thumb/v7e-m+fp/softfp\libc.a(lib_a-signalr.o)
                0x000081f4                _getpid_r
 .text._exit    0x000081f8        0x4 c:/maximsdk/tools/gnutools/10.3/bin/../lib/gcc/arm-none-eabi/10.3.1/../../../../arm-none-eabi/lib/thumb/v7e-m+fp/softfp\libnosys.a(_exit.o)
                0x000081f8                _exit
 .text          0x000081fc      0x378 c:/maximsdk/tools/gnutools/10.3/bin/../lib/gcc/arm-none-eabi/10.3.1/thumb/v7e-m+fp/softfp\libgcc.a(_arm_addsubdf3.o)
                0x000081fc                __aeabi_drsub
                0x00008204                __aeabi_dsub
                0x00008204                __subdf3
                0x00008208                __aeabi_dadd
                0x00008208                __adddf3
                0x00008480                __floatunsidf
                0x00008480                __aeabi_ui2d
                0x000084a0                __floatsidf
                0x000084a0                __aeabi_i2d
                0x000084c4                __aeabi_f2d
                0x000084c4                __extendsfdf2
                0x00008508                __floatundidf
                0x00008508                __aeabi_ul2d
                0x00008518                __floatdidf
                0x00008518                __aeabi_l2d
 .text          0x00008574      0x424 c:/maximsdk/tools/gnutools/10.3/bin/../lib/gcc/arm-none-eabi/10.3.1/thumb/v7e-m+fp/softfp\libgcc.a(_arm_muldivdf3.o)
                0x00008574                __aeabi_dmul
                0x00008574                __muldf3
                0x000087c8                __divdf3
                0x000087c8                __aeabi_ddiv
 .text          0x00008998      0x110 c:/maximsdk/tools/gnutools/10.3/bin/../lib/gcc/arm-none-eabi/10.3.1/thumb/v7e-m+fp/softfp\libgcc.a(_arm_cmpdf2.o)
                0x00008998                __gtdf2
                0x00008998                __gedf2
                0x000089a0                __ltdf2
                0x000089a0                __ledf2
                0x000089a8                __nedf2
                0x000089a8                __eqdf2
                0x000089a8                __cmpdf2
                0x00008a24                __aeabi_cdrcmple
                0x00008a34                __aeabi_cdcmpeq
                0x00008a34                __aeabi_cdcmple
                0x00008a44                __aeabi_dcmpeq
                0x00008a58                __aeabi_dcmplt
                0x00008a6c                __aeabi_dcmple
                0x00008a80                __aeabi_dcmpge
                0x00008a94                __aeabi_dcmpgt
 .text          0x00008aa8       0x2c c:/maximsdk/tools/gnutools/10.3/bin/../lib/gcc/arm-none-eabi/10.3.1/thumb/v7e-m+fp/softfp\libgcc.a(_arm_unorddf2.o)
                0x00008aa8                __unorddf2
                0x00008aa8                __aeabi_dcmpun
 .text          0x00008ad4       0x50 c:/maximsdk/tools/gnutools/10.3/bin/../lib/gcc/arm-none-eabi/10.3.1/thumb/v7e-m+fp/softfp\libgcc.a(_arm_fixdfsi.o)
                0x00008ad4                __aeabi_d2iz
                0x00008ad4                __fixdfsi
 .text          0x00008b24       0x30 c:/maximsdk/tools/gnutools/10.3/bin/../lib/gcc/arm-none-eabi/10.3.1/thumb/v7e-m+fp/softfp\libgcc.a(_aeabi_uldivmod.o)
                0x00008b24                __aeabi_uldivmod
 .text          0x00008b54      0x2d0 c:/maximsdk/tools/gnutools/10.3/bin/../lib/gcc/arm-none-eabi/10.3.1/thumb/v7e-m+fp/softfp\libgcc.a(_udivmoddi4.o)
                0x00008b54                __udivmoddi4
 .text          0x00008e24        0x4 c:/maximsdk/tools/gnutools/10.3/bin/../lib/gcc/arm-none-eabi/10.3.1/thumb/v7e-m+fp/softfp\libgcc.a(_dvmd_tls.o)
                0x00008e24                __aeabi_idiv0
                0x00008e24                __aeabi_ldiv0
 *(.rodata*)
 .rodata.gpio_isr.str1.4
                0x00008e28       0x37 c:/MaximSDK/Examples/MAX32660/ShiftREGOTHER/build/main.o
 *fill*         0x00008e5f        0x1 
 .rodata.SPI_Write_ShiftReg.str1.4
                0x00008e60       0x27 c:/MaximSDK/Examples/MAX32660/ShiftREGOTHER/build/main.o
 *fill*         0x00008e87        0x1 
 .rodata.main.str1.4
                0x00008e88       0x76 c:/MaximSDK/Examples/MAX32660/ShiftREGOTHER/build/main.o
 *fill*         0x00008efe        0x2 
 .rodata.clr_pin
                0x00008f00        0xc c:/MaximSDK/Examples/MAX32660/ShiftREGOTHER/build/main.o
                0x00008f00                clr_pin
 .rodata.hall_pin
                0x00008f0c        0xc c:/MaximSDK/Examples/MAX32660/ShiftREGOTHER/build/main.o
                0x00008f0c                hall_pin
 .rodata.interrupt_out_pin
                0x00008f18        0xc c:/MaximSDK/Examples/MAX32660/ShiftREGOTHER/build/main.o
                0x00008f18                interrupt_out_pin
 .rodata.rck_pin
                0x00008f24        0xc c:/MaximSDK/Examples/MAX32660/ShiftREGOTHER/build/main.o
                0x00008f24                rck_pin
 .rodata.mxc_assert.str1.4
                0x00008f30       0x19 c:/MaximSDK/Examples/MAX32660/ShiftREGOTHER/build/board.o
 *fill*         0x00008f49        0x3 
 .rodata.Board_Init.str1.4
                0x00008f4c       0x45 c:/MaximSDK/Examples/MAX32660/ShiftREGOTHER/build/board.o
 *fill*         0x00008f91        0x3 
 .rodata.led_pin
                0x00008f94        0xc c:/MaximSDK/Examples/MAX32660/ShiftREGOTHER/build/board.o
                0x00008f94                led_pin
 .rodata.num_leds
                0x00008fa0        0x4 c:/MaximSDK/Examples/MAX32660/ShiftREGOTHER/build/board.o
                0x00008fa0                num_leds
 .rodata.num_pbs
                0x00008fa4        0x4 c:/MaximSDK/Examples/MAX32660/ShiftREGOTHER/build/board.o
                0x00008fa4                num_pbs
 .rodata.pb_pin
                0x00008fa8        0xc c:/MaximSDK/Examples/MAX32660/ShiftREGOTHER/build/board.o
                0x00008fa8                pb_pin
 .rodata.LED_On.str1.4
                0x00008fb4       0x3b c:/MaximSDK/Examples/MAX32660/ShiftREGOTHER/build/led.o
 *fill*         0x00008fef        0x1 
 .rodata.MXC_SPI_Init.str1.4
                0x00008ff0       0x51 C:/MaximSDK/Libraries/PeriphDrivers/bin/MAX32660/softfp/libPeriphDriver_softfp.a(spi_me11.o)
 *fill*         0x00009041        0x3 
 .rodata.MXC_SPI_RevA1_SwapByte.str1.4
                0x00009044       0x50 C:/MaximSDK/Libraries/PeriphDrivers/bin/MAX32660/softfp/libPeriphDriver_softfp.a(spi_reva1.o)
 .rodata.MXC_SPI_RevA1_TransSetup.str1.4
                0x00009094       0x22 C:/MaximSDK/Libraries/PeriphDrivers/bin/MAX32660/softfp/libPeriphDriver_softfp.a(spi_reva1.o)
 *fill*         0x000090b6        0x2 
 .rodata.gpio_cfg_spi0
                0x000090b8        0xc C:/MaximSDK/Libraries/PeriphDrivers/bin/MAX32660/softfp/libPeriphDriver_softfp.a(pins_me11.o)
                0x000090b8                gpio_cfg_spi0
 .rodata.gpio_cfg_uart0
                0x000090c4        0xc C:/MaximSDK/Libraries/PeriphDrivers/bin/MAX32660/softfp/libPeriphDriver_softfp.a(pins_me11.o)
                0x000090c4                gpio_cfg_uart0
 .rodata.gpio_cfg_uart1a
                0x000090d0        0xc C:/MaximSDK/Libraries/PeriphDrivers/bin/MAX32660/softfp/libPeriphDriver_softfp.a(pins_me11.o)
                0x000090d0                gpio_cfg_uart1a
 .rodata.gpio_cfg_uart1b
                0x000090dc        0xc C:/MaximSDK/Libraries/PeriphDrivers/bin/MAX32660/softfp/libPeriphDriver_softfp.a(pins_me11.o)
                0x000090dc                gpio_cfg_uart1b
 .rodata.gpio_cfg_uart1c
                0x000090e8        0xc C:/MaximSDK/Libraries/PeriphDrivers/bin/MAX32660/softfp/libPeriphDriver_softfp.a(pins_me11.o)
                0x000090e8                gpio_cfg_uart1c
 .rodata.MXC_GPIO_Common_Handler.str1.4
                0x000090f4       0x66 C:/MaximSDK/Libraries/PeriphDrivers/bin/MAX32660/softfp/libPeriphDriver_softfp.a(gpio_common.o)
 *fill*         0x0000915a        0x2 
 .rodata._global_impure_ptr
                0x0000915c        0x4 c:/maximsdk/tools/gnutools/10.3/bin/../lib/gcc/arm-none-eabi/10.3.1/../../../../arm-none-eabi/lib/thumb/v7e-m+fp/softfp\libc.a(lib_a-impure.o)
                0x0000915c                _global_impure_ptr
 .rodata._puts_r.str1.4
                0x00009160        0x2 c:/maximsdk/tools/gnutools/10.3/bin/../lib/gcc/arm-none-eabi/10.3.1/../../../../arm-none-eabi/lib/thumb/v7e-m+fp/softfp\libc.a(lib_a-puts.o)
 *fill*         0x00009162        0x2 
 .rodata._vfprintf_r.str1.4
                0x00009164       0x42 c:/maximsdk/tools/gnutools/10.3/bin/../lib/gcc/arm-none-eabi/10.3.1/../../../../arm-none-eabi/lib/thumb/v7e-m+fp/softfp\libc.a(lib_a-vfprintf.o)
 *fill*         0x000091a6        0x2 
 .rodata.blanks.1
                0x000091a8       0x10 c:/maximsdk/tools/gnutools/10.3/bin/../lib/gcc/arm-none-eabi/10.3.1/../../../../arm-none-eabi/lib/thumb/v7e-m+fp/softfp\libc.a(lib_a-vfprintf.o)
 .rodata.zeroes.0
                0x000091b8       0x10 c:/maximsdk/tools/gnutools/10.3/bin/../lib/gcc/arm-none-eabi/10.3.1/../../../../arm-none-eabi/lib/thumb/v7e-m+fp/softfp\libc.a(lib_a-vfprintf.o)
 .rodata._dtoa_r.str1.4
                0x000091c8       0xa2 c:/maximsdk/tools/gnutools/10.3/bin/../lib/gcc/arm-none-eabi/10.3.1/../../../../arm-none-eabi/lib/thumb/v7e-m+fp/softfp\libc.a(lib_a-dtoa.o)
                                 0xa6 (size before relaxing)
 *fill*         0x0000926a        0x2 
 .rodata.__multadd.str1.4
                0x0000926c       0x7f c:/maximsdk/tools/gnutools/10.3/bin/../lib/gcc/arm-none-eabi/10.3.1/../../../../arm-none-eabi/lib/thumb/v7e-m+fp/softfp\libc.a(lib_a-mprec.o)
                                 0x93 (size before relaxing)
 *fill*         0x000092eb        0x5 
 .rodata.__mprec_bigtens
                0x000092f0       0x28 c:/maximsdk/tools/gnutools/10.3/bin/../lib/gcc/arm-none-eabi/10.3.1/../../../../arm-none-eabi/lib/thumb/v7e-m+fp/softfp\libc.a(lib_a-mprec.o)
                0x000092f0                __mprec_bigtens
 .rodata.__mprec_tens
                0x00009318       0xc8 c:/maximsdk/tools/gnutools/10.3/bin/../lib/gcc/arm-none-eabi/10.3.1/../../../../arm-none-eabi/lib/thumb/v7e-m+fp/softfp\libc.a(lib_a-mprec.o)
                0x00009318                __mprec_tens
 .rodata.p05.0  0x000093e0        0xc c:/maximsdk/tools/gnutools/10.3/bin/../lib/gcc/arm-none-eabi/10.3.1/../../../../arm-none-eabi/lib/thumb/v7e-m+fp/softfp\libc.a(lib_a-mprec.o)
 .rodata._vfiprintf_r.str1.4
                0x000093ec       0x2f c:/maximsdk/tools/gnutools/10.3/bin/../lib/gcc/arm-none-eabi/10.3.1/../../../../arm-none-eabi/lib/thumb/v7e-m+fp/softfp\libc.a(lib_a-vfiprintf.o)
 .rodata.blanks.1
                0x000093ec       0x10 c:/maximsdk/tools/gnutools/10.3/bin/../lib/gcc/arm-none-eabi/10.3.1/../../../../arm-none-eabi/lib/thumb/v7e-m+fp/softfp\libc.a(lib_a-vfiprintf.o)
 .rodata.zeroes.0
                0x000093fc       0x10 c:/maximsdk/tools/gnutools/10.3/bin/../lib/gcc/arm-none-eabi/10.3.1/../../../../arm-none-eabi/lib/thumb/v7e-m+fp/softfp\libc.a(lib_a-vfiprintf.o)
 .rodata.__assert_func.str1.4
                0x0000940c       0x3f c:/maximsdk/tools/gnutools/10.3/bin/../lib/gcc/arm-none-eabi/10.3.1/../../../../arm-none-eabi/lib/thumb/v7e-m+fp/softfp\libc.a(lib_a-assert.o)
                                 0x43 (size before relaxing)
 *fill*         0x0000944b        0x1 
 .rodata._setlocale_r.str1.4
                0x0000944c        0xa c:/maximsdk/tools/gnutools/10.3/bin/../lib/gcc/arm-none-eabi/10.3.1/../../../../arm-none-eabi/lib/thumb/v7e-m+fp/softfp\libc.a(lib_a-locale.o)
                                  0xd (size before relaxing)
 *fill*         0x00009456        0x2 
 .rodata.str1.4
                0x00009458        0x2 c:/maximsdk/tools/gnutools/10.3/bin/../lib/gcc/arm-none-eabi/10.3.1/../../../../arm-none-eabi/lib/thumb/v7e-m+fp/softfp\libc.a(lib_a-locale.o)
 *fill*         0x0000945a        0x2 
 .rodata._ctype_
                0x0000945c      0x101 c:/maximsdk/tools/gnutools/10.3/bin/../lib/gcc/arm-none-eabi/10.3.1/../../../../arm-none-eabi/lib/thumb/v7e-m+fp/softfp\libc.a(lib_a-ctype_.o)
                0x0000945c                _ctype_
 *(.flashprog*)
 *(.init)
 *fill*         0x0000955d        0x3 
 .init          0x00009560        0x4 c:/maximsdk/tools/gnutools/10.3/bin/../lib/gcc/arm-none-eabi/10.3.1/thumb/v7e-m+fp/softfp/crti.o
                0x00009560                _init
 .init          0x00009564        0x8 c:/maximsdk/tools/gnutools/10.3/bin/../lib/gcc/arm-none-eabi/10.3.1/thumb/v7e-m+fp/softfp/crtn.o
 *(.fini)
 .fini          0x0000956c        0x4 c:/maximsdk/tools/gnutools/10.3/bin/../lib/gcc/arm-none-eabi/10.3.1/thumb/v7e-m+fp/softfp/crti.o
                0x0000956c                _fini
 .fini          0x00009570        0x8 c:/maximsdk/tools/gnutools/10.3/bin/../lib/gcc/arm-none-eabi/10.3.1/thumb/v7e-m+fp/softfp/crtn.o
 *crtbegin.o(.ctors)
 *crtbegin?.o(.ctors)
 *(EXCLUDE_FILE(*crtend.o *crtend?.o) .ctors)
 *(SORT_BY_NAME(.ctors.*))
 *(.ctors)
 *crtbegin.o(.dtors)
 *crtbegin?.o(.dtors)
 *(EXCLUDE_FILE(*crtend.o *crtend?.o) .dtors)
 *(SORT_BY_NAME(.dtors.*))
 *(.dtors)
 *(.eh_frame*)
 .eh_frame      0x00009578        0x0 c:/maximsdk/tools/gnutools/10.3/bin/../lib/gcc/arm-none-eabi/10.3.1/thumb/v7e-m+fp/softfp/crtbegin.o
 .eh_frame      0x00009578        0x4 c:/maximsdk/tools/gnutools/10.3/bin/../lib/gcc/arm-none-eabi/10.3.1/thumb/v7e-m+fp/softfp/crtend.o
                0x0000957c                _etext = .

.glue_7         0x0000957c        0x0
 .glue_7        0x0000957c        0x0 linker stubs

.glue_7t        0x0000957c        0x0
 .glue_7t       0x0000957c        0x0 linker stubs

.vfp11_veneer   0x0000957c        0x0
 .vfp11_veneer  0x0000957c        0x0 linker stubs

.v4_bx          0x0000957c        0x0
 .v4_bx         0x0000957c        0x0 linker stubs

.iplt           0x0000957c        0x0
 .iplt          0x0000957c        0x0 c:/maximsdk/tools/gnutools/10.3/bin/../lib/gcc/arm-none-eabi/10.3.1/thumb/v7e-m+fp/softfp/crtbegin.o

.ARM.extab
 *(.ARM.extab* .gnu.linkonce.armextab.*)

.ARM.exidx      0x0000957c        0x8
                0x0000957c                __exidx_start = .
 *(.ARM.exidx* .gnu.linkonce.armexidx.*)
 .ARM.exidx     0x0000957c        0x8 c:/maximsdk/tools/gnutools/10.3/bin/../lib/gcc/arm-none-eabi/10.3.1/thumb/v7e-m+fp/softfp\libgcc.a(_udivmoddi4.o)
                0x00009584                __exidx_end = .

.rel.dyn        0x00009584        0x0
 .rel.iplt      0x00009584        0x0 c:/maximsdk/tools/gnutools/10.3/bin/../lib/gcc/arm-none-eabi/10.3.1/thumb/v7e-m+fp/softfp/crtbegin.o

.data           0x20000000      0xa2c load address 0x00009584
                0x20000000                _data = ALIGN (., 0x4)
 *(vtable)
 *(.data*)
 .data.a        0x20000000       0x60 c:/MaximSDK/Examples/MAX32660/ShiftREGOTHER/build/main.o
                0x20000000                a
 .data.speed    0x20000060        0x4 c:/MaximSDK/Examples/MAX32660/ShiftREGOTHER/build/main.o
                0x20000060                speed
 .data.ConsoleUart
                0x20000064        0x4 c:/MaximSDK/Examples/MAX32660/ShiftREGOTHER/build/board.o
                0x20000064                ConsoleUart
 .data.SystemCoreClock
                0x20000068        0x4 c:/MaximSDK/Examples/MAX32660/ShiftREGOTHER/build/system_max32660.o
                0x20000068                SystemCoreClock
 .data.overflows
                0x2000006c        0x4 C:/MaximSDK/Libraries/PeriphDrivers/bin/MAX32660/softfp/libPeriphDriver_softfp.a(mxc_delay.o)
 .data._impure_ptr
                0x20000070        0x4 c:/maximsdk/tools/gnutools/10.3/bin/../lib/gcc/arm-none-eabi/10.3.1/../../../../arm-none-eabi/lib/thumb/v7e-m+fp/softfp\libc.a(lib_a-impure.o)
                0x20000070                _impure_ptr
 *fill*         0x20000074        0x4 
 .data.impure_data
                0x20000078      0x428 c:/maximsdk/tools/gnutools/10.3/bin/../lib/gcc/arm-none-eabi/10.3.1/../../../../arm-none-eabi/lib/thumb/v7e-m+fp/softfp\libc.a(lib_a-impure.o)
 .data.__atexit_recursive_mutex
                0x200004a0        0x4 c:/maximsdk/tools/gnutools/10.3/bin/../lib/gcc/arm-none-eabi/10.3.1/../../../../arm-none-eabi/lib/thumb/v7e-m+fp/softfp\libc.a(lib_a-__call_atexit.o)
                0x200004a0                __atexit_recursive_mutex
 .data.__malloc_av_
                0x200004a4      0x408 c:/maximsdk/tools/gnutools/10.3/bin/../lib/gcc/arm-none-eabi/10.3.1/../../../../arm-none-eabi/lib/thumb/v7e-m+fp/softfp\libc.a(lib_a-mallocr.o)
                0x200004a4                __malloc_av_
 .data.__malloc_sbrk_base
                0x200008ac        0x4 c:/maximsdk/tools/gnutools/10.3/bin/../lib/gcc/arm-none-eabi/10.3.1/../../../../arm-none-eabi/lib/thumb/v7e-m+fp/softfp\libc.a(lib_a-mallocr.o)
                0x200008ac                __malloc_sbrk_base
 .data.__malloc_trim_threshold
                0x200008b0        0x4 c:/maximsdk/tools/gnutools/10.3/bin/../lib/gcc/arm-none-eabi/10.3.1/../../../../arm-none-eabi/lib/thumb/v7e-m+fp/softfp\libc.a(lib_a-mallocr.o)
                0x200008b0                __malloc_trim_threshold
 .data.__global_locale
                0x200008b4      0x16c c:/maximsdk/tools/gnutools/10.3/bin/../lib/gcc/arm-none-eabi/10.3.1/../../../../arm-none-eabi/lib/thumb/v7e-m+fp/softfp\libc.a(lib_a-locale.o)
                0x200008b4                __global_locale
 *(.spix_config*)
                0x20000a20                . = ALIGN (0x4)
                0x20000a20                PROVIDE (__preinit_array_start = .)
 *(.preinit_array)
                0x20000a20                PROVIDE (__preinit_array_end = .)
                0x20000a20                . = ALIGN (0x4)
                0x20000a20                PROVIDE (__init_array_start = .)
 *(SORT_BY_NAME(.init_array.*))
 .init_array.00000
                0x20000a20        0x4 c:/maximsdk/tools/gnutools/10.3/bin/../lib/gcc/arm-none-eabi/10.3.1/../../../../arm-none-eabi/lib/thumb/v7e-m+fp/softfp\libc.a(lib_a-__call_atexit.o)
 *(.init_array)
 .init_array    0x20000a24        0x4 c:/maximsdk/tools/gnutools/10.3/bin/../lib/gcc/arm-none-eabi/10.3.1/thumb/v7e-m+fp/softfp/crtbegin.o
                0x20000a28                PROVIDE (__init_array_end = .)
                0x20000a28                . = ALIGN (0x4)
                0x20000a28                PROVIDE (__fini_array_start = .)
 *(SORT_BY_NAME(.fini_array.*))
 *(.fini_array)
 .fini_array    0x20000a28        0x4 c:/maximsdk/tools/gnutools/10.3/bin/../lib/gcc/arm-none-eabi/10.3.1/thumb/v7e-m+fp/softfp/crtbegin.o
                0x20000a2c                PROVIDE (__fini_array_end = .)
                0x20000a2c                _edata = ALIGN (., 0x4)
                0x00009584                __load_data = LOADADDR (.data)

.igot.plt       0x20000a2c        0x0 load address 0x00009fb0
 .igot.plt      0x20000a2c        0x0 c:/maximsdk/tools/gnutools/10.3/bin/../lib/gcc/arm-none-eabi/10.3.1/thumb/v7e-m+fp/softfp/crtbegin.o

.bss            0x20000a2c      0x118 load address 0x00009fb0
                0x20000a2c                . = ALIGN (0x4)
                0x20000a2c                _bss = .
 *(.bss*)
 .bss           0x20000a2c       0x1c c:/maximsdk/tools/gnutools/10.3/bin/../lib/gcc/arm-none-eabi/10.3.1/thumb/v7e-m+fp/softfp/crtbegin.o
 .bss.SPI_FLAG  0x20000a48        0x4 c:/MaximSDK/Examples/MAX32660/ShiftREGOTHER/build/main.o
                0x20000a48                SPI_FLAG
 .bss.count     0x20000a4c        0x4 c:/MaximSDK/Examples/MAX32660/ShiftREGOTHER/build/main.o
                0x20000a4c                count
 .bss.systick_counter
                0x20000a50        0x4 c:/MaximSDK/Examples/MAX32660/ShiftREGOTHER/build/main.o
                0x20000a50                systick_counter
 .bss.heap_end  0x20000a54        0x4 c:/MaximSDK/Examples/MAX32660/ShiftREGOTHER/build/heap.o
 .bss.cbFunc    0x20000a58        0x4 C:/MaximSDK/Libraries/PeriphDrivers/bin/MAX32660/softfp/libPeriphDriver_softfp.a(mxc_delay.o)
 .bss.ctrl_save
                0x20000a5c        0x4 C:/MaximSDK/Libraries/PeriphDrivers/bin/MAX32660/softfp/libPeriphDriver_softfp.a(mxc_delay.o)
 .bss.endtick   0x20000a60        0x4 C:/MaximSDK/Libraries/PeriphDrivers/bin/MAX32660/softfp/libPeriphDriver_softfp.a(mxc_delay.o)
 .bss.states    0x20000a64       0x28 C:/MaximSDK/Libraries/PeriphDrivers/bin/MAX32660/softfp/libPeriphDriver_softfp.a(spi_reva1.o)
 .bss.callback  0x20000a8c       0x38 C:/MaximSDK/Libraries/PeriphDrivers/bin/MAX32660/softfp/libPeriphDriver_softfp.a(gpio_common.o)
 .bss.cbparam   0x20000ac4       0x38 C:/MaximSDK/Libraries/PeriphDrivers/bin/MAX32660/softfp/libPeriphDriver_softfp.a(gpio_common.o)
 .bss.__lock___atexit_recursive_mutex
                0x20000afc        0x1 c:/maximsdk/tools/gnutools/10.3/bin/../lib/gcc/arm-none-eabi/10.3.1/../../../../arm-none-eabi/lib/thumb/v7e-m+fp/softfp\libc.a(lib_a-lock.o)
                0x20000afc                __lock___atexit_recursive_mutex
 *fill*         0x20000afd        0x3 
 .bss.__lock___malloc_recursive_mutex
                0x20000b00        0x1 c:/maximsdk/tools/gnutools/10.3/bin/../lib/gcc/arm-none-eabi/10.3.1/../../../../arm-none-eabi/lib/thumb/v7e-m+fp/softfp\libc.a(lib_a-lock.o)
                0x20000b00                __lock___malloc_recursive_mutex
 *fill*         0x20000b01        0x3 
 .bss.__lock___sfp_recursive_mutex
                0x20000b04        0x1 c:/maximsdk/tools/gnutools/10.3/bin/../lib/gcc/arm-none-eabi/10.3.1/../../../../arm-none-eabi/lib/thumb/v7e-m+fp/softfp\libc.a(lib_a-lock.o)
                0x20000b04                __lock___sfp_recursive_mutex
 *fill*         0x20000b05        0x3 
 .bss.__lock___sinit_recursive_mutex
                0x20000b08        0x1 c:/maximsdk/tools/gnutools/10.3/bin/../lib/gcc/arm-none-eabi/10.3.1/../../../../arm-none-eabi/lib/thumb/v7e-m+fp/softfp\libc.a(lib_a-lock.o)
                0x20000b08                __lock___sinit_recursive_mutex
 *fill*         0x20000b09        0x3 
 .bss.__malloc_current_mallinfo
                0x20000b0c       0x28 c:/maximsdk/tools/gnutools/10.3/bin/../lib/gcc/arm-none-eabi/10.3.1/../../../../arm-none-eabi/lib/thumb/v7e-m+fp/softfp\libc.a(lib_a-mallocr.o)
                0x20000b0c                __malloc_current_mallinfo
 .bss.__malloc_max_sbrked_mem
                0x20000b34        0x4 c:/maximsdk/tools/gnutools/10.3/bin/../lib/gcc/arm-none-eabi/10.3.1/../../../../arm-none-eabi/lib/thumb/v7e-m+fp/softfp\libc.a(lib_a-mallocr.o)
                0x20000b34                __malloc_max_sbrked_mem
 .bss.__malloc_max_total_mem
                0x20000b38        0x4 c:/maximsdk/tools/gnutools/10.3/bin/../lib/gcc/arm-none-eabi/10.3.1/../../../../arm-none-eabi/lib/thumb/v7e-m+fp/softfp\libc.a(lib_a-mallocr.o)
                0x20000b38                __malloc_max_total_mem
 .bss.__malloc_top_pad
                0x20000b3c        0x4 c:/maximsdk/tools/gnutools/10.3/bin/../lib/gcc/arm-none-eabi/10.3.1/../../../../arm-none-eabi/lib/thumb/v7e-m+fp/softfp\libc.a(lib_a-mallocr.o)
                0x20000b3c                __malloc_top_pad
 .bss.errno     0x20000b40        0x4 c:/maximsdk/tools/gnutools/10.3/bin/../lib/gcc/arm-none-eabi/10.3.1/../../../../arm-none-eabi/lib/thumb/v7e-m+fp/softfp\libc.a(lib_a-reent.o)
                0x20000b40                errno
 *(COMMON)
                0x20000b44                _ebss = ALIGN (., 0x4)
                0x20018000                __StackTop = (ORIGIN (SRAM) + LENGTH (SRAM))
                0x20017000                __StackLimit = (__StackTop - SIZEOF (.stack_dummy))

.stack_dummy    0x20000b48     0x1000 load address 0x00009fb0
 *(.stack*)
 .stack         0x20000b48     0x1000 c:/MaximSDK/Examples/MAX32660/ShiftREGOTHER/build/startup_max32660.o

.heap           0x20000b48      0xc00 load address 0x00009fb0
                0x20000b48                . = ALIGN (0x4)
 *(.heap*)
 .heap          0x20000b48      0xc00 c:/MaximSDK/Examples/MAX32660/ShiftREGOTHER/build/startup_max32660.o
                0x20000b48                __HeapBase
                0x20017000                __HeapLimit = ABSOLUTE (__StackLimit)
                0x20018000                PROVIDE (__stack = __StackTop)
                0x00000001                ASSERT ((__StackLimit >= _ebss), region RAM overflowed with stack)
OUTPUT(c:/MaximSDK/Examples/MAX32660/ShiftREGOTHER/build/ShiftREGOTHER.elf elf32-littlearm)
LOAD linker stubs

.ARM.attributes
                0x00000000       0x2e
 .ARM.attributes
                0x00000000       0x1e c:/maximsdk/tools/gnutools/10.3/bin/../lib/gcc/arm-none-eabi/10.3.1/thumb/v7e-m+fp/softfp/crti.o
 .ARM.attributes
                0x0000001e       0x32 c:/maximsdk/tools/gnutools/10.3/bin/../lib/gcc/arm-none-eabi/10.3.1/thumb/v7e-m+fp/softfp/crtbegin.o
 .ARM.attributes
                0x00000050       0x32 c:/MaximSDK/Examples/MAX32660/ShiftREGOTHER/build/main.o
 .ARM.attributes
                0x00000082       0x32 c:/MaximSDK/Examples/MAX32660/ShiftREGOTHER/build/board.o
 .ARM.attributes
                0x000000b4       0x32 c:/MaximSDK/Examples/MAX32660/ShiftREGOTHER/build/stdio.o
 .ARM.attributes
                0x000000e6       0x32 c:/MaximSDK/Examples/MAX32660/ShiftREGOTHER/build/led.o
 .ARM.attributes
                0x00000118       0x32 c:/MaximSDK/Examples/MAX32660/ShiftREGOTHER/build/pb.o
 .ARM.attributes
                0x0000014a       0x1b c:/MaximSDK/Examples/MAX32660/ShiftREGOTHER/build/startup_max32660.o
 .ARM.attributes
                0x00000165       0x32 c:/MaximSDK/Examples/MAX32660/ShiftREGOTHER/build/heap.o
 .ARM.attributes
                0x00000197       0x32 c:/MaximSDK/Examples/MAX32660/ShiftREGOTHER/build/system_max32660.o
 .ARM.attributes
                0x000001c9       0x32 C:/MaximSDK/Libraries/PeriphDrivers/bin/MAX32660/softfp/libPeriphDriver_softfp.a(mxc_delay.o)
 .ARM.attributes
                0x000001fb       0x32 C:/MaximSDK/Libraries/PeriphDrivers/bin/MAX32660/softfp/libPeriphDriver_softfp.a(sys_me11.o)
 .ARM.attributes
                0x0000022d       0x32 C:/MaximSDK/Libraries/PeriphDrivers/bin/MAX32660/softfp/libPeriphDriver_softfp.a(gpio_me11.o)
 .ARM.attributes
                0x0000025f       0x32 C:/MaximSDK/Libraries/PeriphDrivers/bin/MAX32660/softfp/libPeriphDriver_softfp.a(gpio_reva.o)
 .ARM.attributes
                0x00000291       0x32 C:/MaximSDK/Libraries/PeriphDrivers/bin/MAX32660/softfp/libPeriphDriver_softfp.a(spi_me11.o)
 .ARM.attributes
                0x000002c3       0x32 C:/MaximSDK/Libraries/PeriphDrivers/bin/MAX32660/softfp/libPeriphDriver_softfp.a(spi_reva1.o)
 .ARM.attributes
                0x000002f5       0x32 C:/MaximSDK/Libraries/PeriphDrivers/bin/MAX32660/softfp/libPeriphDriver_softfp.a(uart_me11.o)
 .ARM.attributes
                0x00000327       0x32 C:/MaximSDK/Libraries/PeriphDrivers/bin/MAX32660/softfp/libPeriphDriver_softfp.a(uart_reva.o)
 .ARM.attributes
                0x00000359       0x32 C:/MaximSDK/Libraries/PeriphDrivers/bin/MAX32660/softfp/libPeriphDriver_softfp.a(mxc_lock.o)
 .ARM.attributes
                0x0000038b       0x32 C:/MaximSDK/Libraries/PeriphDrivers/bin/MAX32660/softfp/libPeriphDriver_softfp.a(pins_me11.o)
 .ARM.attributes
                0x000003bd       0x32 C:/MaximSDK/Libraries/PeriphDrivers/bin/MAX32660/softfp/libPeriphDriver_softfp.a(gpio_common.o)
 .ARM.attributes
                0x000003ef       0x32 C:/MaximSDK/Libraries/PeriphDrivers/bin/MAX32660/softfp/libPeriphDriver_softfp.a(uart_common.o)
 .ARM.attributes
                0x00000421       0x32 c:/maximsdk/tools/gnutools/10.3/bin/../lib/gcc/arm-none-eabi/10.3.1/../../../../arm-none-eabi/lib/thumb/v7e-m+fp/softfp\libc.a(lib_a-errno.o)
 .ARM.attributes
                0x00000453       0x32 c:/maximsdk/tools/gnutools/10.3/bin/../lib/gcc/arm-none-eabi/10.3.1/../../../../arm-none-eabi/lib/thumb/v7e-m+fp/softfp\libc.a(lib_a-impure.o)
 .ARM.attributes
                0x00000485       0x32 c:/maximsdk/tools/gnutools/10.3/bin/../lib/gcc/arm-none-eabi/10.3.1/../../../../arm-none-eabi/lib/thumb/v7e-m+fp/softfp\libc.a(lib_a-init.o)
 .ARM.attributes
                0x000004b7       0x1c c:/maximsdk/tools/gnutools/10.3/bin/../lib/gcc/arm-none-eabi/10.3.1/../../../../arm-none-eabi/lib/thumb/v7e-m+fp/softfp\libc.a(lib_a-memcpy.o)
 .ARM.attributes
                0x000004d3       0x32 c:/maximsdk/tools/gnutools/10.3/bin/../lib/gcc/arm-none-eabi/10.3.1/../../../../arm-none-eabi/lib/thumb/v7e-m+fp/softfp\libc.a(lib_a-memset.o)
 .ARM.attributes
                0x00000505       0x32 c:/maximsdk/tools/gnutools/10.3/bin/../lib/gcc/arm-none-eabi/10.3.1/../../../../arm-none-eabi/lib/thumb/v7e-m+fp/softfp\libc.a(lib_a-printf.o)
 .ARM.attributes
                0x00000537       0x32 c:/maximsdk/tools/gnutools/10.3/bin/../lib/gcc/arm-none-eabi/10.3.1/../../../../arm-none-eabi/lib/thumb/v7e-m+fp/softfp\libc.a(lib_a-puts.o)
 .ARM.attributes
                0x00000569       0x1c c:/maximsdk/tools/gnutools/10.3/bin/../lib/gcc/arm-none-eabi/10.3.1/../../../../arm-none-eabi/lib/thumb/v7e-m+fp/softfp\libc.a(lib_a-strlen.o)
 .ARM.attributes
                0x00000585       0x32 c:/maximsdk/tools/gnutools/10.3/bin/../lib/gcc/arm-none-eabi/10.3.1/../../../../arm-none-eabi/lib/thumb/v7e-m+fp/softfp\libc.a(lib_a-vfprintf.o)
 .ARM.attributes
                0x000005b7       0x32 c:/maximsdk/tools/gnutools/10.3/bin/../lib/gcc/arm-none-eabi/10.3.1/../../../../arm-none-eabi/lib/thumb/v7e-m+fp/softfp\libc.a(lib_a-wsetup.o)
 .ARM.attributes
                0x000005e9       0x32 c:/maximsdk/tools/gnutools/10.3/bin/../lib/gcc/arm-none-eabi/10.3.1/../../../../arm-none-eabi/lib/thumb/v7e-m+fp/softfp\libc.a(lib_a-__call_atexit.o)
 .ARM.attributes
                0x0000061b       0x32 c:/maximsdk/tools/gnutools/10.3/bin/../lib/gcc/arm-none-eabi/10.3.1/../../../../arm-none-eabi/lib/thumb/v7e-m+fp/softfp\libc.a(lib_a-atexit.o)
 .ARM.attributes
                0x0000064d       0x32 c:/maximsdk/tools/gnutools/10.3/bin/../lib/gcc/arm-none-eabi/10.3.1/../../../../arm-none-eabi/lib/thumb/v7e-m+fp/softfp\libc.a(lib_a-dtoa.o)
 .ARM.attributes
                0x0000067f       0x32 c:/maximsdk/tools/gnutools/10.3/bin/../lib/gcc/arm-none-eabi/10.3.1/../../../../arm-none-eabi/lib/thumb/v7e-m+fp/softfp\libc.a(lib_a-fflush.o)
 .ARM.attributes
                0x000006b1       0x32 c:/maximsdk/tools/gnutools/10.3/bin/../lib/gcc/arm-none-eabi/10.3.1/../../../../arm-none-eabi/lib/thumb/v7e-m+fp/softfp\libc.a(lib_a-findfp.o)
 .ARM.attributes
                0x000006e3       0x32 c:/maximsdk/tools/gnutools/10.3/bin/../lib/gcc/arm-none-eabi/10.3.1/../../../../arm-none-eabi/lib/thumb/v7e-m+fp/softfp\libc.a(lib_a-fini.o)
 .ARM.attributes
                0x00000715       0x32 c:/maximsdk/tools/gnutools/10.3/bin/../lib/gcc/arm-none-eabi/10.3.1/../../../../arm-none-eabi/lib/thumb/v7e-m+fp/softfp\libc.a(lib_a-freer.o)
 .ARM.attributes
                0x00000747       0x32 c:/maximsdk/tools/gnutools/10.3/bin/../lib/gcc/arm-none-eabi/10.3.1/../../../../arm-none-eabi/lib/thumb/v7e-m+fp/softfp\libc.a(lib_a-fvwrite.o)
 .ARM.attributes
                0x00000779       0x32 c:/maximsdk/tools/gnutools/10.3/bin/../lib/gcc/arm-none-eabi/10.3.1/../../../../arm-none-eabi/lib/thumb/v7e-m+fp/softfp\libc.a(lib_a-fwalk.o)
 .ARM.attributes
                0x000007ab       0x32 c:/maximsdk/tools/gnutools/10.3/bin/../lib/gcc/arm-none-eabi/10.3.1/../../../../arm-none-eabi/lib/thumb/v7e-m+fp/softfp\libc.a(lib_a-localeconv.o)
 .ARM.attributes
                0x000007dd       0x32 c:/maximsdk/tools/gnutools/10.3/bin/../lib/gcc/arm-none-eabi/10.3.1/../../../../arm-none-eabi/lib/thumb/v7e-m+fp/softfp\libc.a(lib_a-lock.o)
 .ARM.attributes
                0x0000080f       0x32 c:/maximsdk/tools/gnutools/10.3/bin/../lib/gcc/arm-none-eabi/10.3.1/../../../../arm-none-eabi/lib/thumb/v7e-m+fp/softfp\libc.a(lib_a-makebuf.o)
 .ARM.attributes
                0x00000841       0x32 c:/maximsdk/tools/gnutools/10.3/bin/../lib/gcc/arm-none-eabi/10.3.1/../../../../arm-none-eabi/lib/thumb/v7e-m+fp/softfp\libc.a(lib_a-mallocr.o)
 .ARM.attributes
                0x00000873       0x1c c:/maximsdk/tools/gnutools/10.3/bin/../lib/gcc/arm-none-eabi/10.3.1/../../../../arm-none-eabi/lib/thumb/v7e-m+fp/softfp\libc.a(lib_a-memchr.o)
 .ARM.attributes
                0x0000088f       0x32 c:/maximsdk/tools/gnutools/10.3/bin/../lib/gcc/arm-none-eabi/10.3.1/../../../../arm-none-eabi/lib/thumb/v7e-m+fp/softfp\libc.a(lib_a-memmove.o)
 .ARM.attributes
                0x000008c1       0x32 c:/maximsdk/tools/gnutools/10.3/bin/../lib/gcc/arm-none-eabi/10.3.1/../../../../arm-none-eabi/lib/thumb/v7e-m+fp/softfp\libc.a(lib_a-mlock.o)
 .ARM.attributes
                0x000008f3       0x32 c:/maximsdk/tools/gnutools/10.3/bin/../lib/gcc/arm-none-eabi/10.3.1/../../../../arm-none-eabi/lib/thumb/v7e-m+fp/softfp\libc.a(lib_a-mprec.o)
 .ARM.attributes
                0x00000925       0x32 c:/maximsdk/tools/gnutools/10.3/bin/../lib/gcc/arm-none-eabi/10.3.1/../../../../arm-none-eabi/lib/thumb/v7e-m+fp/softfp\libc.a(lib_a-reallocr.o)
 .ARM.attributes
                0x00000957       0x32 c:/maximsdk/tools/gnutools/10.3/bin/../lib/gcc/arm-none-eabi/10.3.1/../../../../arm-none-eabi/lib/thumb/v7e-m+fp/softfp\libc.a(lib_a-s_frexp.o)
 .ARM.attributes
                0x00000989       0x32 c:/maximsdk/tools/gnutools/10.3/bin/../lib/gcc/arm-none-eabi/10.3.1/../../../../arm-none-eabi/lib/thumb/v7e-m+fp/softfp\libc.a(lib_a-sbrkr.o)
 .ARM.attributes
                0x000009bb       0x32 c:/maximsdk/tools/gnutools/10.3/bin/../lib/gcc/arm-none-eabi/10.3.1/../../../../arm-none-eabi/lib/thumb/v7e-m+fp/softfp\libc.a(lib_a-stdio.o)
 .ARM.attributes
                0x000009ed       0x32 c:/maximsdk/tools/gnutools/10.3/bin/../lib/gcc/arm-none-eabi/10.3.1/../../../../arm-none-eabi/lib/thumb/v7e-m+fp/softfp\libc.a(lib_a-strncpy.o)
 .ARM.attributes
                0x00000a1f       0x32 c:/maximsdk/tools/gnutools/10.3/bin/../lib/gcc/arm-none-eabi/10.3.1/../../../../arm-none-eabi/lib/thumb/v7e-m+fp/softfp\libc.a(lib_a-vfiprintf.o)
 .ARM.attributes
                0x00000a51       0x32 c:/maximsdk/tools/gnutools/10.3/bin/../lib/gcc/arm-none-eabi/10.3.1/../../../../arm-none-eabi/lib/thumb/v7e-m+fp/softfp\libc.a(lib_a-writer.o)
 .ARM.attributes
                0x00000a83       0x32 c:/maximsdk/tools/gnutools/10.3/bin/../lib/gcc/arm-none-eabi/10.3.1/../../../../arm-none-eabi/lib/thumb/v7e-m+fp/softfp\libc.a(lib_a-__atexit.o)
 .ARM.attributes
                0x00000ab5       0x32 c:/maximsdk/tools/gnutools/10.3/bin/../lib/gcc/arm-none-eabi/10.3.1/../../../../arm-none-eabi/lib/thumb/v7e-m+fp/softfp\libc.a(lib_a-assert.o)
 .ARM.attributes
                0x00000ae7       0x32 c:/maximsdk/tools/gnutools/10.3/bin/../lib/gcc/arm-none-eabi/10.3.1/../../../../arm-none-eabi/lib/thumb/v7e-m+fp/softfp\libc.a(lib_a-callocr.o)
 .ARM.attributes
                0x00000b19       0x32 c:/maximsdk/tools/gnutools/10.3/bin/../lib/gcc/arm-none-eabi/10.3.1/../../../../arm-none-eabi/lib/thumb/v7e-m+fp/softfp\libc.a(lib_a-closer.o)
 .ARM.attributes
                0x00000b4b       0x32 c:/maximsdk/tools/gnutools/10.3/bin/../lib/gcc/arm-none-eabi/10.3.1/../../../../arm-none-eabi/lib/thumb/v7e-m+fp/softfp\libc.a(lib_a-fclose.o)
 .ARM.attributes
                0x00000b7d       0x32 c:/maximsdk/tools/gnutools/10.3/bin/../lib/gcc/arm-none-eabi/10.3.1/../../../../arm-none-eabi/lib/thumb/v7e-m+fp/softfp\libc.a(lib_a-fiprintf.o)
 .ARM.attributes
                0x00000baf       0x32 c:/maximsdk/tools/gnutools/10.3/bin/../lib/gcc/arm-none-eabi/10.3.1/../../../../arm-none-eabi/lib/thumb/v7e-m+fp/softfp\libc.a(lib_a-fputwc.o)
 .ARM.attributes
                0x00000be1       0x32 c:/maximsdk/tools/gnutools/10.3/bin/../lib/gcc/arm-none-eabi/10.3.1/../../../../arm-none-eabi/lib/thumb/v7e-m+fp/softfp\libc.a(lib_a-fstatr.o)
 .ARM.attributes
                0x00000c13       0x32 c:/maximsdk/tools/gnutools/10.3/bin/../lib/gcc/arm-none-eabi/10.3.1/../../../../arm-none-eabi/lib/thumb/v7e-m+fp/softfp\libc.a(lib_a-isattyr.o)
 .ARM.attributes
                0x00000c45       0x32 c:/maximsdk/tools/gnutools/10.3/bin/../lib/gcc/arm-none-eabi/10.3.1/../../../../arm-none-eabi/lib/thumb/v7e-m+fp/softfp\libc.a(lib_a-locale.o)
 .ARM.attributes
                0x00000c77       0x32 c:/maximsdk/tools/gnutools/10.3/bin/../lib/gcc/arm-none-eabi/10.3.1/../../../../arm-none-eabi/lib/thumb/v7e-m+fp/softfp\libc.a(lib_a-lseekr.o)
 .ARM.attributes
                0x00000ca9       0x32 c:/maximsdk/tools/gnutools/10.3/bin/../lib/gcc/arm-none-eabi/10.3.1/../../../../arm-none-eabi/lib/thumb/v7e-m+fp/softfp\libc.a(lib_a-mbtowc_r.o)
 .ARM.attributes
                0x00000cdb       0x32 c:/maximsdk/tools/gnutools/10.3/bin/../lib/gcc/arm-none-eabi/10.3.1/../../../../arm-none-eabi/lib/thumb/v7e-m+fp/softfp\libc.a(lib_a-readr.o)
 .ARM.attributes
                0x00000d0d       0x32 c:/maximsdk/tools/gnutools/10.3/bin/../lib/gcc/arm-none-eabi/10.3.1/../../../../arm-none-eabi/lib/thumb/v7e-m+fp/softfp\libc.a(lib_a-reent.o)
 .ARM.attributes
                0x00000d3f       0x32 c:/maximsdk/tools/gnutools/10.3/bin/../lib/gcc/arm-none-eabi/10.3.1/../../../../arm-none-eabi/lib/thumb/v7e-m+fp/softfp\libc.a(lib_a-wbuf.o)
 .ARM.attributes
                0x00000d71       0x32 c:/maximsdk/tools/gnutools/10.3/bin/../lib/gcc/arm-none-eabi/10.3.1/../../../../arm-none-eabi/lib/thumb/v7e-m+fp/softfp\libc.a(lib_a-wcrtomb.o)
 .ARM.attributes
                0x00000da3       0x32 c:/maximsdk/tools/gnutools/10.3/bin/../lib/gcc/arm-none-eabi/10.3.1/../../../../arm-none-eabi/lib/thumb/v7e-m+fp/softfp\libc.a(lib_a-wctomb_r.o)
 .ARM.attributes
                0x00000dd5       0x32 c:/maximsdk/tools/gnutools/10.3/bin/../lib/gcc/arm-none-eabi/10.3.1/../../../../arm-none-eabi/lib/thumb/v7e-m+fp/softfp\libc.a(lib_a-abort.o)
 .ARM.attributes
                0x00000e07       0x32 c:/maximsdk/tools/gnutools/10.3/bin/../lib/gcc/arm-none-eabi/10.3.1/../../../../arm-none-eabi/lib/thumb/v7e-m+fp/softfp\libc.a(lib_a-ctype_.o)
 .ARM.attributes
                0x00000e39       0x32 c:/maximsdk/tools/gnutools/10.3/bin/../lib/gcc/arm-none-eabi/10.3.1/../../../../arm-none-eabi/lib/thumb/v7e-m+fp/softfp\libc.a(lib_a-signal.o)
 .ARM.attributes
                0x00000e6b       0x32 c:/maximsdk/tools/gnutools/10.3/bin/../lib/gcc/arm-none-eabi/10.3.1/../../../../arm-none-eabi/lib/thumb/v7e-m+fp/softfp\libc.a(lib_a-signalr.o)
 .ARM.attributes
                0x00000e9d       0x32 c:/maximsdk/tools/gnutools/10.3/bin/../lib/gcc/arm-none-eabi/10.3.1/../../../../arm-none-eabi/lib/thumb/v7e-m+fp/softfp\libnosys.a(_exit.o)
 .ARM.attributes
                0x00000ecf       0x1e c:/maximsdk/tools/gnutools/10.3/bin/../lib/gcc/arm-none-eabi/10.3.1/thumb/v7e-m+fp/softfp\libgcc.a(_arm_addsubdf3.o)
 .ARM.attributes
                0x00000eed       0x1e c:/maximsdk/tools/gnutools/10.3/bin/../lib/gcc/arm-none-eabi/10.3.1/thumb/v7e-m+fp/softfp\libgcc.a(_arm_muldivdf3.o)
 .ARM.attributes
                0x00000f0b       0x1e c:/maximsdk/tools/gnutools/10.3/bin/../lib/gcc/arm-none-eabi/10.3.1/thumb/v7e-m+fp/softfp\libgcc.a(_arm_cmpdf2.o)
 .ARM.attributes
                0x00000f29       0x1e c:/maximsdk/tools/gnutools/10.3/bin/../lib/gcc/arm-none-eabi/10.3.1/thumb/v7e-m+fp/softfp\libgcc.a(_arm_unorddf2.o)
 .ARM.attributes
                0x00000f47       0x1e c:/maximsdk/tools/gnutools/10.3/bin/../lib/gcc/arm-none-eabi/10.3.1/thumb/v7e-m+fp/softfp\libgcc.a(_arm_fixdfsi.o)
 .ARM.attributes
                0x00000f65       0x1e c:/maximsdk/tools/gnutools/10.3/bin/../lib/gcc/arm-none-eabi/10.3.1/thumb/v7e-m+fp/softfp\libgcc.a(_aeabi_uldivmod.o)
 .ARM.attributes
                0x00000f83       0x32 c:/maximsdk/tools/gnutools/10.3/bin/../lib/gcc/arm-none-eabi/10.3.1/thumb/v7e-m+fp/softfp\libgcc.a(_udivmoddi4.o)
 .ARM.attributes
                0x00000fb5       0x1e c:/maximsdk/tools/gnutools/10.3/bin/../lib/gcc/arm-none-eabi/10.3.1/thumb/v7e-m+fp/softfp\libgcc.a(_dvmd_tls.o)
 .ARM.attributes
                0x00000fd3       0x32 c:/maximsdk/tools/gnutools/10.3/bin/../lib/gcc/arm-none-eabi/10.3.1/thumb/v7e-m+fp/softfp/crtend.o
 .ARM.attributes
                0x00001005       0x1e c:/maximsdk/tools/gnutools/10.3/bin/../lib/gcc/arm-none-eabi/10.3.1/thumb/v7e-m+fp/softfp/crtn.o

.comment        0x00000000       0x49
 .comment       0x00000000       0x49 c:/MaximSDK/Examples/MAX32660/ShiftREGOTHER/build/main.o
                                 0x4a (size before relaxing)
 .comment       0x00000049       0x4a c:/MaximSDK/Examples/MAX32660/ShiftREGOTHER/build/board.o
 .comment       0x00000049       0x4a c:/MaximSDK/Examples/MAX32660/ShiftREGOTHER/build/stdio.o
 .comment       0x00000049       0x4a c:/MaximSDK/Examples/MAX32660/ShiftREGOTHER/build/led.o
 .comment       0x00000049       0x4a c:/MaximSDK/Examples/MAX32660/ShiftREGOTHER/build/pb.o
 .comment       0x00000049       0x4a c:/MaximSDK/Examples/MAX32660/ShiftREGOTHER/build/heap.o
 .comment       0x00000049       0x4a c:/MaximSDK/Examples/MAX32660/ShiftREGOTHER/build/system_max32660.o
 .comment       0x00000049       0x4a C:/MaximSDK/Libraries/PeriphDrivers/bin/MAX32660/softfp/libPeriphDriver_softfp.a(mxc_delay.o)
 .comment       0x00000049       0x4a C:/MaximSDK/Libraries/PeriphDrivers/bin/MAX32660/softfp/libPeriphDriver_softfp.a(sys_me11.o)
 .comment       0x00000049       0x4a C:/MaximSDK/Libraries/PeriphDrivers/bin/MAX32660/softfp/libPeriphDriver_softfp.a(gpio_me11.o)